

================================================================
== Vivado HLS Report for 'separate_complex_wlo'
================================================================
* Date:           Wed Aug 17 17:18:41 2022

* Version:        2019.1 (Build 2552052 on Fri May 24 15:28:33 MDT 2019)
* Project:        dnn
* Solution:       wordlength_opt__16_6
* Product family: zynq
* Target device:  xc7z020-clg484-1


================================================================
== Performance Estimates
================================================================
+ Timing (ns): 
    * Summary: 
    +--------+-------+----------+------------+
    |  Clock | Target| Estimated| Uncertainty|
    +--------+-------+----------+------------+
    |ap_clk  |  10.00|     8.670|        1.25|
    +--------+-------+----------+------------+

+ Latency (clock cycles): 
    * Summary: 
    +-----+-----+-----+-----+---------+
    |  Latency  |  Interval | Pipeline|
    | min | max | min | max |   Type  |
    +-----+-----+-----+-----+---------+
    |   56|   56|   56|   56|   none  |
    +-----+-----+-----+-----+---------+

    + Detail: 
        * Instance: 
        N/A

        * Loop: 
        +--------------+-----+-----+----------+-----------+-----------+------+----------+
        |              |  Latency  | Iteration|  Initiation Interval  | Trip |          |
        |   Loop Name  | min | max |  Latency |  achieved |   target  | Count| Pipelined|
        +--------------+-----+-----+----------+-----------+-----------+------+----------+
        |- separation  |   54|   54|         4|          1|          1|    52|    yes   |
        +--------------+-----+-----+----------+-----------+-----------+------+----------+



================================================================
== Utilization Estimates
================================================================
* Summary: 
+-----------------+---------+-------+--------+-------+-----+
|       Name      | BRAM_18K| DSP48E|   FF   |  LUT  | URAM|
+-----------------+---------+-------+--------+-------+-----+
|DSP              |        -|      -|       -|      -|    -|
|Expression       |        -|      -|       0|   1115|    -|
|FIFO             |        -|      -|       -|      -|    -|
|Instance         |        -|      0|     200|    276|    -|
|Memory           |        -|      -|       -|      -|    -|
|Multiplexer      |        -|      -|       -|     66|    -|
|Register         |        2|      -|     533|     65|    -|
+-----------------+---------+-------+--------+-------+-----+
|Total            |        2|      0|     733|   1522|    0|
+-----------------+---------+-------+--------+-------+-----+
|Available        |      280|    220|  106400|  53200|    0|
+-----------------+---------+-------+--------+-------+-----+
|Utilization (%)  |    ~0   |      0|   ~0   |      2|    0|
+-----------------+---------+-------+--------+-------+-----+

+ Detail: 
    * Instance: 
    +-------------------------+----------------------+---------+-------+-----+-----+-----+
    |         Instance        |        Module        | BRAM_18K| DSP48E|  FF | LUT | URAM|
    +-------------------------+----------------------+---------+-------+-----+-----+-----+
    |DNN_wlo_166_fpextbkb_U1  |DNN_wlo_166_fpextbkb  |        0|      0|  100|  138|    0|
    |DNN_wlo_166_fpextbkb_U2  |DNN_wlo_166_fpextbkb  |        0|      0|  100|  138|    0|
    +-------------------------+----------------------+---------+-------+-----+-----+-----+
    |Total                    |                      |        0|      0|  200|  276|    0|
    +-------------------------+----------------------+---------+-------+-----+-----+-----+

    * DSP48E: 
    N/A

    * Memory: 
    N/A

    * FIFO: 
    N/A

    * Expression: 
    +----------------------------------+----------+-------+---+-----+------------+------------+
    |           Variable Name          | Operation| DSP48E| FF| LUT | Bitwidth P0| Bitwidth P1|
    +----------------------------------+----------+-------+---+-----+------------+------------+
    |add_ln581_1_fu_377_p2             |     +    |      0|  0|   12|           5|          12|
    |add_ln581_fu_259_p2               |     +    |      0|  0|   12|           5|          12|
    |add_ln608_fu_692_p2               |     +    |      0|  0|   15|           6|           7|
    |i_fu_147_p2                       |     +    |      0|  0|   15|           6|           1|
    |F2_1_fu_365_p2                    |     -    |      0|  0|   12|          11|          12|
    |F2_fu_247_p2                      |     -    |      0|  0|   12|          11|          12|
    |man_V_1_fu_227_p2                 |     -    |      0|  0|   61|           1|          54|
    |man_V_4_fu_345_p2                 |     -    |      0|  0|   61|           1|          54|
    |sub_ln581_1_fu_383_p2             |     -    |      0|  0|   12|           4|          12|
    |sub_ln581_fu_265_p2               |     -    |      0|  0|   12|           4|          12|
    |and_ln581_1_fu_574_p2             |    and   |      0|  0|    2|           1|           1|
    |and_ln581_fu_463_p2               |    and   |      0|  0|    2|           1|           1|
    |and_ln582_1_fu_559_p2             |    and   |      0|  0|    2|           1|           1|
    |and_ln582_fu_448_p2               |    and   |      0|  0|    2|           1|           1|
    |and_ln585_1_fu_480_p2             |    and   |      0|  0|    2|           1|           1|
    |and_ln585_2_fu_579_p2             |    and   |      0|  0|    2|           1|           1|
    |and_ln585_3_fu_591_p2             |    and   |      0|  0|    2|           1|           1|
    |and_ln585_fu_468_p2               |    and   |      0|  0|    2|           1|           1|
    |and_ln603_1_fu_608_p2             |    and   |      0|  0|    2|           1|           1|
    |and_ln603_fu_497_p2               |    and   |      0|  0|    2|           1|           1|
    |ap_block_pp0_stage0_11001         |    and   |      0|  0|    2|           1|           1|
    |ap_block_state2_pp0_stage0_iter0  |    and   |      0|  0|    2|           1|           1|
    |ashr_ln586_1_fu_545_p2            |   ashr   |      0|  0|  162|          54|          54|
    |ashr_ln586_fu_434_p2              |   ashr   |      0|  0|  162|          54|          54|
    |icmp_ln571_1_fu_359_p2            |   icmp   |      0|  0|   29|          63|           1|
    |icmp_ln571_fu_241_p2              |   icmp   |      0|  0|   29|          63|           1|
    |icmp_ln581_1_fu_371_p2            |   icmp   |      0|  0|   13|          12|           4|
    |icmp_ln581_fu_253_p2              |   icmp   |      0|  0|   13|          12|           4|
    |icmp_ln582_1_fu_397_p2            |   icmp   |      0|  0|   13|          12|           4|
    |icmp_ln582_fu_279_p2              |   icmp   |      0|  0|   13|          12|           4|
    |icmp_ln585_1_fu_531_p2            |   icmp   |      0|  0|   13|          12|           6|
    |icmp_ln585_fu_420_p2              |   icmp   |      0|  0|   13|          12|           6|
    |icmp_ln603_1_fu_536_p2            |   icmp   |      0|  0|   11|           8|           1|
    |icmp_ln603_fu_425_p2              |   icmp   |      0|  0|   11|           8|           1|
    |icmp_ln604_fu_141_p2              |   icmp   |      0|  0|   11|           6|           5|
    |or_ln581_1_fu_597_p2              |    or    |      0|  0|    2|           1|           1|
    |or_ln581_fu_486_p2                |    or    |      0|  0|    2|           1|           1|
    |or_ln582_1_fu_564_p2              |    or    |      0|  0|    2|           1|           1|
    |or_ln582_fu_453_p2                |    or    |      0|  0|    2|           1|           1|
    |or_ln603_1_fu_516_p2              |    or    |      0|  0|    2|           1|           1|
    |or_ln603_2_fu_522_p2              |    or    |      0|  0|    2|           1|           1|
    |or_ln603_3_fu_614_p2              |    or    |      0|  0|    2|           1|           1|
    |or_ln603_4_fu_627_p2              |    or    |      0|  0|    2|           1|           1|
    |or_ln603_5_fu_633_p2              |    or    |      0|  0|    2|           1|           1|
    |or_ln603_fu_503_p2                |    or    |      0|  0|    2|           1|           1|
    |man_V_2_fu_233_p3                 |  select  |      0|  0|   54|           1|          54|
    |man_V_5_fu_351_p3                 |  select  |      0|  0|   54|           1|          54|
    |select_ln588_1_fu_710_p3          |  select  |      0|  0|    2|           1|           2|
    |select_ln588_fu_655_p3            |  select  |      0|  0|    2|           1|           2|
    |select_ln603_1_fu_509_p3          |  select  |      0|  0|   16|           1|          16|
    |select_ln603_2_fu_678_p3          |  select  |      0|  0|   16|           1|          16|
    |select_ln603_4_fu_726_p3          |  select  |      0|  0|   16|           1|          16|
    |select_ln603_5_fu_620_p3          |  select  |      0|  0|   16|           1|          16|
    |select_ln603_6_fu_733_p3          |  select  |      0|  0|   16|           1|          16|
    |select_ln603_fu_671_p3            |  select  |      0|  0|   16|           1|          16|
    |sep_V_d0                          |  select  |      0|  0|   16|           1|          16|
    |sep_V_d1                          |  select  |      0|  0|   16|           1|          16|
    |sh_amt_1_fu_389_p3                |  select  |      0|  0|   12|           1|          12|
    |sh_amt_fu_271_p3                  |  select  |      0|  0|   12|           1|          12|
    |shl_ln604_1_fu_721_p2             |    shl   |      0|  0|   35|          16|          16|
    |shl_ln604_fu_666_p2               |    shl   |      0|  0|   35|          16|          16|
    |ap_enable_pp0                     |    xor   |      0|  0|    2|           1|           2|
    |ap_enable_reg_pp0_iter1           |    xor   |      0|  0|    2|           2|           1|
    |xor_ln571_1_fu_554_p2             |    xor   |      0|  0|    2|           1|           2|
    |xor_ln571_fu_443_p2               |    xor   |      0|  0|    2|           1|           2|
    |xor_ln581_1_fu_602_p2             |    xor   |      0|  0|    2|           1|           2|
    |xor_ln581_fu_491_p2               |    xor   |      0|  0|    2|           1|           2|
    |xor_ln582_1_fu_568_p2             |    xor   |      0|  0|    2|           1|           2|
    |xor_ln582_fu_457_p2               |    xor   |      0|  0|    2|           1|           2|
    |xor_ln585_1_fu_585_p2             |    xor   |      0|  0|    2|           1|           2|
    |xor_ln585_fu_474_p2               |    xor   |      0|  0|    2|           1|           2|
    +----------------------------------+----------+-------+---+-----+------------+------------+
    |Total                             |          |      0|  0| 1115|         461|         670|
    +----------------------------------+----------+-------+---+-----+------------+------------+

    * Multiplexer: 
    +------------------------------+----+-----------+-----+-----------+
    |             Name             | LUT| Input Size| Bits| Total Bits|
    +------------------------------+----+-----------+-----+-----------+
    |LS_stream_TDATA_blk_n         |   9|          2|    1|          2|
    |ap_NS_fsm                     |  21|          4|    1|          4|
    |ap_enable_reg_pp0_iter1       |   9|          2|    1|          2|
    |ap_enable_reg_pp0_iter3       |   9|          2|    1|          2|
    |ap_phi_mux_i_0_phi_fu_127_p4  |   9|          2|    6|         12|
    |i_0_reg_123                   |   9|          2|    6|         12|
    +------------------------------+----+-----------+-----+-----------+
    |Total                         |  66|         14|   16|         34|
    +------------------------------+----+-----------+-----+-----------+

    * Register: 
    +-------------------------------------+----+----+-----+-----------+
    |                 Name                | FF | LUT| Bits| Const Bits|
    +-------------------------------------+----+----+-----+-----------+
    |LS_stream_V_data_val_reg_756         |  64|   0|   64|          0|
    |and_ln603_1_reg_882                  |   1|   0|    1|          0|
    |and_ln603_reg_857                    |   1|   0|    1|          0|
    |ap_CS_fsm                            |   3|   0|    3|          0|
    |ap_enable_reg_pp0_iter0              |   1|   0|    1|          0|
    |ap_enable_reg_pp0_iter1              |   1|   0|    1|          0|
    |ap_enable_reg_pp0_iter2              |   1|   0|    1|          0|
    |ap_enable_reg_pp0_iter3              |   1|   0|    1|          0|
    |i_0_reg_123                          |   6|   0|    6|          0|
    |i_reg_751                            |   6|   0|    6|          0|
    |icmp_ln571_1_reg_817                 |   1|   0|    1|          0|
    |icmp_ln571_reg_777                   |   1|   0|    1|          0|
    |icmp_ln581_1_reg_823                 |   1|   0|    1|          0|
    |icmp_ln581_reg_783                   |   1|   0|    1|          0|
    |icmp_ln582_1_reg_835                 |   1|   0|    1|          0|
    |icmp_ln582_reg_795                   |   1|   0|    1|          0|
    |icmp_ln604_reg_747                   |   1|   0|    1|          0|
    |man_V_2_reg_772                      |  54|   0|   54|          0|
    |man_V_5_reg_812                      |  54|   0|   54|          0|
    |or_ln603_2_reg_872                   |   1|   0|    1|          0|
    |or_ln603_3_reg_887                   |   1|   0|    1|          0|
    |or_ln603_5_reg_897                   |   1|   0|    1|          0|
    |or_ln603_reg_862                     |   1|   0|    1|          0|
    |select_ln603_1_reg_867               |  16|   0|   16|          0|
    |select_ln603_5_reg_892               |  16|   0|   16|          0|
    |sext_ln581_1_reg_877                 |  32|   0|   32|          0|
    |sext_ln581_reg_852                   |  32|   0|   32|          0|
    |sh_amt_1_reg_829                     |  12|   0|   12|          0|
    |sh_amt_reg_789                       |  12|   0|   12|          0|
    |tmp_4_reg_807                        |   8|   0|    8|          0|
    |tmp_7_reg_847                        |   8|   0|    8|          0|
    |trunc_ln583_1_reg_841                |  16|   0|   16|          0|
    |trunc_ln583_1_reg_841_pp0_iter2_reg  |  16|   0|   16|          0|
    |trunc_ln583_reg_801                  |  16|   0|   16|          0|
    |trunc_ln583_reg_801_pp0_iter2_reg    |  16|   0|   16|          0|
    |LS_stream_V_data_val_reg_756         |   1|   1|   64|          0|
    |i_0_reg_123                          |  64|  32|    6|          0|
    |icmp_ln604_reg_747                   |  64|  32|    1|          0|
    +-------------------------------------+----+----+-----+-----------+
    |Total                                | 533|  65|  475|          0|
    +-------------------------------------+----+----+-----+-----------+



================================================================
== Interface
================================================================
* Summary: 
+------------------+-----+-----+------------+----------------------+--------------+
|     RTL Ports    | Dir | Bits|  Protocol  |     Source Object    |    C Type    |
+------------------+-----+-----+------------+----------------------+--------------+
|ap_clk            |  in |    1| ap_ctrl_hs | separate_complex_wlo | return value |
|ap_rst            |  in |    1| ap_ctrl_hs | separate_complex_wlo | return value |
|ap_start          |  in |    1| ap_ctrl_hs | separate_complex_wlo | return value |
|ap_done           | out |    1| ap_ctrl_hs | separate_complex_wlo | return value |
|ap_idle           | out |    1| ap_ctrl_hs | separate_complex_wlo | return value |
|ap_ready          | out |    1| ap_ctrl_hs | separate_complex_wlo | return value |
|LS_stream_TDATA   |  in |   64|    axis    |   LS_stream_V_data   |    pointer   |
|LS_stream_TVALID  |  in |    1|    axis    |   LS_stream_V_data   |    pointer   |
|LS_stream_TREADY  | out |    1|    axis    |  LS_stream_V_last_V  |    pointer   |
|LS_stream_TLAST   |  in |    1|    axis    |  LS_stream_V_last_V  |    pointer   |
|sep_V_address0    | out |    7|  ap_memory |         sep_V        |     array    |
|sep_V_ce0         | out |    1|  ap_memory |         sep_V        |     array    |
|sep_V_we0         | out |    1|  ap_memory |         sep_V        |     array    |
|sep_V_d0          | out |   16|  ap_memory |         sep_V        |     array    |
|sep_V_address1    | out |    7|  ap_memory |         sep_V        |     array    |
|sep_V_ce1         | out |    1|  ap_memory |         sep_V        |     array    |
|sep_V_we1         | out |    1|  ap_memory |         sep_V        |     array    |
|sep_V_d1          | out |   16|  ap_memory |         sep_V        |     array    |
+------------------+-----+-----+------------+----------------------+--------------+

