Report time       : Mon Jul 25 12:10:23 IST 2022.
Solution          : 2__pipelined.
Simulation tool   : xsim.

+----------+----------+-----------------------------------------------+-----------------------------------------------+
|          |          |                    Latency                    |                    Interval                   |
+   RTL    +  Status  +-----------------------------------------------+-----------------------------------------------+
|          |          |      min      |      avg      |      max      |      min      |      avg      |      max      |
+----------+----------+-----------------------------------------------+-----------------------------------------------+
|      VHDL|        NA|             NA|             NA|             NA|             NA|             NA|             NA|
|   Verilog|      Pass|            396|            396|            396|             NA|             NA|             NA|
+----------+----------+-----------------------------------------------+-----------------------------------------------+
