16:04:53 **** Build of project LSDNN_SDK_bsp ****
make -k all 
"Running Make include in ps7_cortexa9_0/libsrc/axidma_v9_9/src"
make -C ps7_cortexa9_0/libsrc/axidma_v9_9/src -s include  "SHELL=CMD" "COMPILER=arm-none-eabi-gcc" "ARCHIVER=arm-none-eabi-ar" "COMPILER_FLAGS=  -O2 -c" "EXTRA_COMPILER_FLAGS=-mcpu=cortex-a9 -mfpu=vfpv3 -mfloat-abi=hard -nostartfiles -g -Wall -Wextra"
"Running Make include in ps7_cortexa9_0/libsrc/coresightps_dcc_v1_5/src"
make -C ps7_cortexa9_0/libsrc/coresightps_dcc_v1_5/src -s include  "SHELL=CMD" "COMPILER=arm-none-eabi-gcc" "ARCHIVER=arm-none-eabi-ar" "COMPILER_FLAGS=  -O2 -c" "EXTRA_COMPILER_FLAGS=-mcpu=cortex-a9 -mfpu=vfpv3 -mfloat-abi=hard -nostartfiles -g -Wall -Wextra"
"Running Make include in ps7_cortexa9_0/libsrc/cpu_cortexa9_v2_7/src"
make -C ps7_cortexa9_0/libsrc/cpu_cortexa9_v2_7/src -s include  "SHELL=CMD" "COMPILER=arm-none-eabi-gcc" "ARCHIVER=arm-none-eabi-ar" "COMPILER_FLAGS=  -O2 -c" "EXTRA_COMPILER_FLAGS=-mcpu=cortex-a9 -mfpu=vfpv3 -mfloat-abi=hard -nostartfiles -g -Wall -Wextra"
"Running Make include in ps7_cortexa9_0/libsrc/ddrps_v1_0/src"
make -C ps7_cortexa9_0/libsrc/ddrps_v1_0/src -s include  "SHELL=CMD" "COMPILER=arm-none-eabi-gcc" "ARCHIVER=arm-none-eabi-ar" "COMPILER_FLAGS=  -O2 -c" "EXTRA_COMPILER_FLAGS=-mcpu=cortex-a9 -mfpu=vfpv3 -mfloat-abi=hard -nostartfiles -g -Wall -Wextra"
"Running Make include in ps7_cortexa9_0/libsrc/devcfg_v3_5/src"
make -C ps7_cortexa9_0/libsrc/devcfg_v3_5/src -s include  "SHELL=CMD" "COMPILER=arm-none-eabi-gcc" "ARCHIVER=arm-none-eabi-ar" "COMPILER_FLAGS=  -O2 -c" "EXTRA_COMPILER_FLAGS=-mcpu=cortex-a9 -mfpu=vfpv3 -mfloat-abi=hard -nostartfiles -g -Wall -Wextra"
"Running Make include in ps7_cortexa9_0/libsrc/dmaps_v2_4/src"
make -C ps7_cortexa9_0/libsrc/dmaps_v2_4/src -s include  "SHELL=CMD" "COMPILER=arm-none-eabi-gcc" "ARCHIVER=arm-none-eabi-ar" "COMPILER_FLAGS=  -O2 -c" "EXTRA_COMPILER_FLAGS=-mcpu=cortex-a9 -mfpu=vfpv3 -mfloat-abi=hard -nostartfiles -g -Wall -Wextra"
"Running Make include in ps7_cortexa9_0/libsrc/gpiops_v3_5/src"
make -C ps7_cortexa9_0/libsrc/gpiops_v3_5/src -s include  "SHELL=CMD" "COMPILER=arm-none-eabi-gcc" "ARCHIVER=arm-none-eabi-ar" "COMPILER_FLAGS=  -O2 -c" "EXTRA_COMPILER_FLAGS=-mcpu=cortex-a9 -mfpu=vfpv3 -mfloat-abi=hard -nostartfiles -g -Wall -Wextra"
"Running Make include in ps7_cortexa9_0/libsrc/scugic_v4_0/src"
make -C ps7_cortexa9_0/libsrc/scugic_v4_0/src -s include  "SHELL=CMD" "COMPILER=arm-none-eabi-gcc" "ARCHIVER=arm-none-eabi-ar" "COMPILER_FLAGS=  -O2 -c" "EXTRA_COMPILER_FLAGS=-mcpu=cortex-a9 -mfpu=vfpv3 -mfloat-abi=hard -nostartfiles -g -Wall -Wextra"
"Running Make include in ps7_cortexa9_0/libsrc/scutimer_v2_1/src"
make -C ps7_cortexa9_0/libsrc/scutimer_v2_1/src -s include  "SHELL=CMD" "COMPILER=arm-none-eabi-gcc" "ARCHIVER=arm-none-eabi-ar" "COMPILER_FLAGS=  -O2 -c" "EXTRA_COMPILER_FLAGS=-mcpu=cortex-a9 -mfpu=vfpv3 -mfloat-abi=hard -nostartfiles -g -Wall -Wextra"
"Running Make include in ps7_cortexa9_0/libsrc/scuwdt_v2_1/src"
make -C ps7_cortexa9_0/libsrc/scuwdt_v2_1/src -s include  "SHELL=CMD" "COMPILER=arm-none-eabi-gcc" "ARCHIVER=arm-none-eabi-ar" "COMPILER_FLAGS=  -O2 -c" "EXTRA_COMPILER_FLAGS=-mcpu=cortex-a9 -mfpu=vfpv3 -mfloat-abi=hard -nostartfiles -g -Wall -Wextra"
"Running Make include in ps7_cortexa9_0/libsrc/standalone_v7_0/src"
make -C ps7_cortexa9_0/libsrc/standalone_v7_0/src -s include  "SHELL=CMD" "COMPILER=arm-none-eabi-gcc" "ARCHIVER=arm-none-eabi-ar" "COMPILER_FLAGS=  -O2 -c" "EXTRA_COMPILER_FLAGS=-mcpu=cortex-a9 -mfpu=vfpv3 -mfloat-abi=hard -nostartfiles -g -Wall -Wextra"
"Running Make include in ps7_cortexa9_0/libsrc/uartps_v3_7/src"
make -C ps7_cortexa9_0/libsrc/uartps_v3_7/src -s include  "SHELL=CMD" "COMPILER=arm-none-eabi-gcc" "ARCHIVER=arm-none-eabi-ar" "COMPILER_FLAGS=  -O2 -c" "EXTRA_COMPILER_FLAGS=-mcpu=cortex-a9 -mfpu=vfpv3 -mfloat-abi=hard -nostartfiles -g -Wall -Wextra"
"Running Make include in ps7_cortexa9_0/libsrc/xadcps_v2_3/src"
make -C ps7_cortexa9_0/libsrc/xadcps_v2_3/src -s include  "SHELL=CMD" "COMPILER=arm-none-eabi-gcc" "ARCHIVER=arm-none-eabi-ar" "COMPILER_FLAGS=  -O2 -c" "EXTRA_COMPILER_FLAGS=-mcpu=cortex-a9 -mfpu=vfpv3 -mfloat-abi=hard -nostartfiles -g -Wall -Wextra"
"Running Make libs in ps7_cortexa9_0/libsrc/axidma_v9_9/src"
make -C ps7_cortexa9_0/libsrc/axidma_v9_9/src -s libs  "SHELL=CMD" "COMPILER=arm-none-eabi-gcc" "ARCHIVER=arm-none-eabi-ar" "COMPILER_FLAGS=  -O2 -c" "EXTRA_COMPILER_FLAGS=-mcpu=cortex-a9 -mfpu=vfpv3 -mfloat-abi=hard -nostartfiles -g -Wall -Wextra"
"Compiling axidma"
arm-none-eabi-ar: creating ../../../lib/libxil.a
"Running Make libs in ps7_cortexa9_0/libsrc/coresightps_dcc_v1_5/src"
make -C ps7_cortexa9_0/libsrc/coresightps_dcc_v1_5/src -s libs  "SHELL=CMD" "COMPILER=arm-none-eabi-gcc" "ARCHIVER=arm-none-eabi-ar" "COMPILER_FLAGS=  -O2 -c" "EXTRA_COMPILER_FLAGS=-mcpu=cortex-a9 -mfpu=vfpv3 -mfloat-abi=hard -nostartfiles -g -Wall -Wextra"
"Compiling coresightps_dcc"
"Running Make libs in ps7_cortexa9_0/libsrc/cpu_cortexa9_v2_7/src"
make -C ps7_cortexa9_0/libsrc/cpu_cortexa9_v2_7/src -s libs  "SHELL=CMD" "COMPILER=arm-none-eabi-gcc" "ARCHIVER=arm-none-eabi-ar" "COMPILER_FLAGS=  -O2 -c" "EXTRA_COMPILER_FLAGS=-mcpu=cortex-a9 -mfpu=vfpv3 -mfloat-abi=hard -nostartfiles -g -Wall -Wextra"
"Compiling cpu_cortexa9"
"Running Make libs in ps7_cortexa9_0/libsrc/ddrps_v1_0/src"
make -C ps7_cortexa9_0/libsrc/ddrps_v1_0/src -s libs  "SHELL=CMD" "COMPILER=arm-none-eabi-gcc" "ARCHIVER=arm-none-eabi-ar" "COMPILER_FLAGS=  -O2 -c" "EXTRA_COMPILER_FLAGS=-mcpu=cortex-a9 -mfpu=vfpv3 -mfloat-abi=hard -nostartfiles -g -Wall -Wextra"
"Compiling ddrps"
"Running Make libs in ps7_cortexa9_0/libsrc/devcfg_v3_5/src"
make -C ps7_cortexa9_0/libsrc/devcfg_v3_5/src -s libs  "SHELL=CMD" "COMPILER=arm-none-eabi-gcc" "ARCHIVER=arm-none-eabi-ar" "COMPILER_FLAGS=  -O2 -c" "EXTRA_COMPILER_FLAGS=-mcpu=cortex-a9 -mfpu=vfpv3 -mfloat-abi=hard -nostartfiles -g -Wall -Wextra"
"Compiling devcfg"
"Running Make libs in ps7_cortexa9_0/libsrc/dmaps_v2_4/src"
make -C ps7_cortexa9_0/libsrc/dmaps_v2_4/src -s libs  "SHELL=CMD" "COMPILER=arm-none-eabi-gcc" "ARCHIVER=arm-none-eabi-ar" "COMPILER_FLAGS=  -O2 -c" "EXTRA_COMPILER_FLAGS=-mcpu=cortex-a9 -mfpu=vfpv3 -mfloat-abi=hard -nostartfiles -g -Wall -Wextra"
"Compiling dmaps"
"Running Make libs in ps7_cortexa9_0/libsrc/gpiops_v3_5/src"
make -C ps7_cortexa9_0/libsrc/gpiops_v3_5/src -s libs  "SHELL=CMD" "COMPILER=arm-none-eabi-gcc" "ARCHIVER=arm-none-eabi-ar" "COMPILER_FLAGS=  -O2 -c" "EXTRA_COMPILER_FLAGS=-mcpu=cortex-a9 -mfpu=vfpv3 -mfloat-abi=hard -nostartfiles -g -Wall -Wextra"
"Compiling gpiops"
"Running Make libs in ps7_cortexa9_0/libsrc/scugic_v4_0/src"
make -C ps7_cortexa9_0/libsrc/scugic_v4_0/src -s libs  "SHELL=CMD" "COMPILER=arm-none-eabi-gcc" "ARCHIVER=arm-none-eabi-ar" "COMPILER_FLAGS=  -O2 -c" "EXTRA_COMPILER_FLAGS=-mcpu=cortex-a9 -mfpu=vfpv3 -mfloat-abi=hard -nostartfiles -g -Wall -Wextra"
"Compiling scugic"
"Running Make libs in ps7_cortexa9_0/libsrc/scutimer_v2_1/src"
make -C ps7_cortexa9_0/libsrc/scutimer_v2_1/src -s libs  "SHELL=CMD" "COMPILER=arm-none-eabi-gcc" "ARCHIVER=arm-none-eabi-ar" "COMPILER_FLAGS=  -O2 -c" "EXTRA_COMPILER_FLAGS=-mcpu=cortex-a9 -mfpu=vfpv3 -mfloat-abi=hard -nostartfiles -g -Wall -Wextra"
"Compiling scutimer"
"Running Make libs in ps7_cortexa9_0/libsrc/scuwdt_v2_1/src"
make -C ps7_cortexa9_0/libsrc/scuwdt_v2_1/src -s libs  "SHELL=CMD" "COMPILER=arm-none-eabi-gcc" "ARCHIVER=arm-none-eabi-ar" "COMPILER_FLAGS=  -O2 -c" "EXTRA_COMPILER_FLAGS=-mcpu=cortex-a9 -mfpu=vfpv3 -mfloat-abi=hard -nostartfiles -g -Wall -Wextra"
"Compiling scuwdt"
"Running Make libs in ps7_cortexa9_0/libsrc/standalone_v7_0/src"
make -C ps7_cortexa9_0/libsrc/standalone_v7_0/src -s libs  "SHELL=CMD" "COMPILER=arm-none-eabi-gcc" "ARCHIVER=arm-none-eabi-ar" "COMPILER_FLAGS=  -O2 -c" "EXTRA_COMPILER_FLAGS=-mcpu=cortex-a9 -mfpu=vfpv3 -mfloat-abi=hard -nostartfiles -g -Wall -Wextra"
"Compiling standalone"
In file included from usleep.c:56:
xtime_l.h:87:9: note: #pragma message: For the sleep routines, Global timer is being used
 #pragma message ("For the sleep routines, Global timer is being used")
         ^~~~~~~
In file included from xil_sleeptimer.c:51:
xtime_l.h:87:9: note: #pragma message: For the sleep routines, Global timer is being used
 #pragma message ("For the sleep routines, Global timer is being used")
         ^~~~~~~
In file included from xtime_l.c:49:
xtime_l.h:87:9: note: #pragma message: For the sleep routines, Global timer is being used
 #pragma message ("For the sleep routines, Global timer is being used")
         ^~~~~~~
In file included from sleep.c:53:
xtime_l.h:87:9: note: #pragma message: For the sleep routines, Global timer is being used
 #pragma message ("For the sleep routines, Global timer is being used")
         ^~~~~~~
"Running Make libs in ps7_cortexa9_0/libsrc/uartps_v3_7/src"
make -C ps7_cortexa9_0/libsrc/uartps_v3_7/src -s libs  "SHELL=CMD" "COMPILER=arm-none-eabi-gcc" "ARCHIVER=arm-none-eabi-ar" "COMPILER_FLAGS=  -O2 -c" "EXTRA_COMPILER_FLAGS=-mcpu=cortex-a9 -mfpu=vfpv3 -mfloat-abi=hard -nostartfiles -g -Wall -Wextra"
"Compiling uartps"
"Running Make libs in ps7_cortexa9_0/libsrc/xadcps_v2_3/src"
make -C ps7_cortexa9_0/libsrc/xadcps_v2_3/src -s libs  "SHELL=CMD" "COMPILER=arm-none-eabi-gcc" "ARCHIVER=arm-none-eabi-ar" "COMPILER_FLAGS=  -O2 -c" "EXTRA_COMPILER_FLAGS=-mcpu=cortex-a9 -mfpu=vfpv3 -mfloat-abi=hard -nostartfiles -g -Wall -Wextra"
"Compiling xadcps"
'Finished building libraries'
16:06:04 **** Build of configuration Debug for project LSDNN_SDK ****
make pre-build main-build 
a9-linaro-pre-build-step
' '
'Building file: ../src/helloworld.c'
'Invoking: ARM v7 gcc compiler'
arm-none-eabi-gcc -Wall -O0 -g3 -c -fmessage-length=0 -MT"src/helloworld.o" -mcpu=cortex-a9 -mfpu=vfpv3 -mfloat-abi=hard -I../../LSDNN_SDK_bsp/ps7_cortexa9_0/include -MMD -MP -MF"src/helloworld.d" -MT"src/helloworld.o" -o "src/helloworld.o" "../src/helloworld.c"
'Finished building: ../src/helloworld.c'
' '
'Building file: ../src/platform.c'
'Invoking: ARM v7 gcc compiler'
arm-none-eabi-gcc -Wall -O0 -g3 -c -fmessage-length=0 -MT"src/platform.o" -mcpu=cortex-a9 -mfpu=vfpv3 -mfloat-abi=hard -I../../LSDNN_SDK_bsp/ps7_cortexa9_0/include -MMD -MP -MF"src/platform.d" -MT"src/platform.o" -o "src/platform.o" "../src/platform.c"
'Finished building: ../src/platform.c'
' '
'Building target: LSDNN_SDK.elf'
'Invoking: ARM v7 gcc linker'
arm-none-eabi-gcc -mcpu=cortex-a9 -mfpu=vfpv3 -mfloat-abi=hard -Wl,-build-id=none -specs=Xilinx.spec -Wl,-T -Wl,../src/lscript.ld -L../../LSDNN_SDK_bsp/ps7_cortexa9_0/lib -o "LSDNN_SDK.elf"  ./src/helloworld.o ./src/platform.o   -Wl,--start-group,-lxil,-lgcc,-lc,--end-group
'Finished building target: LSDNN_SDK.elf'
' '
'Invoking: ARM v7 Print Size'
arm-none-eabi-size LSDNN_SDK.elf  |tee "LSDNN_SDK.elf.size"
   text	   data	    bss	    dec	    hex	filename
  19064	   1144	  22568	  42776	   a718	LSDNN_SDK.elf
'Finished building: LSDNN_SDK.elf.size'
' '
16:06:11 **** Auto Build of configuration Debug for project LSDNN_SDK ****
make pre-build main-build 
a9-linaro-pre-build-step
' '
make: Nothing to be done for 'main-build'.
16:06:38 **** Auto Build of configuration Debug for project LSDNN_SDK ****
make pre-build main-build 
a9-linaro-pre-build-step
' '
make: Nothing to be done for 'main-build'.
16:10:49 **** Auto Build of configuration Debug for project LSDNN_SDK ****
make pre-build main-build 
a9-linaro-pre-build-step
' '
'Building file: ../src/helloworld.c'
'Invoking: ARM v7 gcc compiler'
arm-none-eabi-gcc -Wall -O0 -g3 -c -fmessage-length=0 -MT"src/helloworld.o" -mcpu=cortex-a9 -mfpu=vfpv3 -mfloat-abi=hard -I../../LSDNN_SDK_bsp/ps7_cortexa9_0/include -MMD -MP -MF"src/helloworld.d" -MT"src/helloworld.o" -o "src/helloworld.o" "../src/helloworld.c"
../src/helloworld.c: In function 'main':
../src/helloworld.c:54:5: warning: implicit declaration of function 'init_platform' [-Wimplicit-function-declaration]
     init_platform();
     ^~~~~~~~~~~~~
../src/helloworld.c:56:5: warning: implicit declaration of function 'print' [-Wimplicit-function-declaration]
     print("\nHello World...\n");
     ^~~~~
../src/helloworld.c:58:5: error: unknown type name 'COMPLEXD'
     COMPLEXD in_stream[2*nUSC], out_stream[nUSC];
     ^~~~~~~~
../src/helloworld.c:58:26: error: 'nUSC' undeclared (first use in this function)
     COMPLEXD in_stream[2*nUSC], out_stream[nUSC];
                          ^~~~
../src/helloworld.c:58:26: note: each undeclared identifier is reported only once for each function it appears in
../src/helloworld.c:62:23: error: 'preambleIn' undeclared (first use in this function)
      in_stream[k++] = preambleIn[i];
                       ^~~~~~~~~~
../src/helloworld.c:64:23: error: 'trainingSym' undeclared (first use in this function)
      in_stream[k++] = trainingSym[i];
                       ^~~~~~~~~~~
../src/helloworld.c:66:5: error: unknown type name 'XAxiDma'
     XAxiDma axidma;
     ^~~~~~~
../src/helloworld.c:67:5: error: unknown type name 'XAxiDma_Config'
     XAxiDma_Config* dma_cfgptr;
     ^~~~~~~~~~~~~~
../src/helloworld.c:69:18: warning: implicit declaration of function 'XAxiDma_LookupConfig' [-Wimplicit-function-declaration]
     dma_cfgptr = XAxiDma_LookupConfig(XPAR_AXI_DMA_0_DEVICE_ID);
                  ^~~~~~~~~~~~~~~~~~~~
../src/helloworld.c:69:39: error: 'XPAR_AXI_DMA_0_DEVICE_ID' undeclared (first use in this function)
     dma_cfgptr = XAxiDma_LookupConfig(XPAR_AXI_DMA_0_DEVICE_ID);
                                       ^~~~~~~~~~~~~~~~~~~~~~~~
../src/helloworld.c:71:18: warning: implicit declaration of function 'XAxiDma_CfgInitialize' [-Wimplicit-function-declaration]
     int status = XAxiDma_CfgInitialize(&axidma, dma_cfgptr);
                  ^~~~~~~~~~~~~~~~~~~~~
../src/helloworld.c:72:18: error: 'XST_SUCCESS' undeclared (first use in this function)
     if(status != XST_SUCCESS) {
                  ^~~~~~~~~~~
../src/helloworld.c:73:6: warning: implicit declaration of function 'printf' [-Wimplicit-function-declaration]
      printf("\nDMA initialization failed\n");
      ^~~~~~
../src/helloworld.c:73:6: warning: incompatible implicit declaration of built-in function 'printf'
../src/helloworld.c:73:6: note: include '<stdio.h>' or provide a declaration of 'printf'
../src/helloworld.c:50:1:
+#include <stdio.h>
 
../src/helloworld.c:73:6:
      printf("\nDMA initialization failed\n");
      ^~~~~~
../src/helloworld.c:74:13: error: 'XST_FAILURE' undeclared (first use in this function)
      return XST_FAILURE;
             ^~~~~~~~~~~
../src/helloworld.c:78:2: error: unknown type name 'XTime'
  XTime t_start, t_end;
  ^~~~~
../src/helloworld.c:82:2: warning: implicit declaration of function 'XTime_SetTime' [-Wimplicit-function-declaration]
  XTime_SetTime(0);
  ^~~~~~~~~~~~~
../src/helloworld.c:83:2: warning: implicit declaration of function 'XTime_GetTime' [-Wimplicit-function-declaration]
  XTime_GetTime(&t_start);
  ^~~~~~~~~~~~~
../src/helloworld.c:85:5: warning: implicit declaration of function 'Xil_DCacheFlushRange' [-Wimplicit-function-declaration]
     Xil_DCacheFlushRange((UINTPTR)in_stream, 2*nUSC*sizeof(COMPLEXD));
     ^~~~~~~~~~~~~~~~~~~~
../src/helloworld.c:85:27: error: 'UINTPTR' undeclared (first use in this function)
     Xil_DCacheFlushRange((UINTPTR)in_stream, 2*nUSC*sizeof(COMPLEXD));
                           ^~~~~~~
../src/helloworld.c:85:35: error: expected ')' before 'in_stream'
     Xil_DCacheFlushRange((UINTPTR)in_stream, 2*nUSC*sizeof(COMPLEXD));
                                   ^~~~~~~~~
                                   )
../src/helloworld.c:87:5: warning: implicit declaration of function 'XAxiDma_SimpleTransfer' [-Wimplicit-function-declaration]
     XAxiDma_SimpleTransfer(&axidma, (UINTPTR)out_stream, sizeof(COMPLEXD)*nUSC, XAXIDMA_DEVICE_TO_DMA);
     ^~~~~~~~~~~~~~~~~~~~~~
../src/helloworld.c:87:46: error: expected ')' before 'out_stream'
     XAxiDma_SimpleTransfer(&axidma, (UINTPTR)out_stream, sizeof(COMPLEXD)*nUSC, XAXIDMA_DEVICE_TO_DMA);
                                              ^~~~~~~~~~
                                              )
../src/helloworld.c:88:46: error: expected ')' before 'in_stream'
     XAxiDma_SimpleTransfer(&axidma, (UINTPTR)in_stream, sizeof(COMPLEXD)*nUSC*2, XAXIDMA_DMA_TO_DEVICE);
                                              ^~~~~~~~~
                                              )
../src/helloworld.c:90:5: warning: implicit declaration of function 'Xil_DCacheInvalidateRange' [-Wimplicit-function-declaration]
     Xil_DCacheInvalidateRange((UINTPTR)out_stream, sizeof(COMPLEXD)*nUSC);
     ^~~~~~~~~~~~~~~~~~~~~~~~~
../src/helloworld.c:90:40: error: expected ')' before 'out_stream'
     Xil_DCacheInvalidateRange((UINTPTR)out_stream, sizeof(COMPLEXD)*nUSC);
                                        ^~~~~~~~~~
                                        )
../src/helloworld.c:92:14: warning: implicit declaration of function 'XAxiDma_ReadReg' [-Wimplicit-function-declaration]
     status = XAxiDma_ReadReg(XPAR_AXI_DMA_0_BASEADDR, 0x04) & XAXIDMA_IDLE_MASK;
              ^~~~~~~~~~~~~~~
../src/helloworld.c:92:30: error: 'XPAR_AXI_DMA_0_BASEADDR' undeclared (first use in this function)
     status = XAxiDma_ReadReg(XPAR_AXI_DMA_0_BASEADDR, 0x04) & XAXIDMA_IDLE_MASK;
                              ^~~~~~~~~~~~~~~~~~~~~~~
../src/helloworld.c:92:63: error: 'XAXIDMA_IDLE_MASK' undeclared (first use in this function)
     status = XAxiDma_ReadReg(XPAR_AXI_DMA_0_BASEADDR, 0x04) & XAXIDMA_IDLE_MASK;
                                                               ^~~~~~~~~~~~~~~~~
../src/helloworld.c:105:32: error: 'COUNTS_PER_SECOND' undeclared (first use in this function)
  exec_time = (float)1.0*del_t/(COUNTS_PER_SECOND/1000000);
                                ^~~~~~~~~~~~~~~~~
../src/helloworld.c:107:2: warning: incompatible implicit declaration of built-in function 'printf'
  printf("\nExecution time: %f ms\n", exec_time);
  ^~~~~~
../src/helloworld.c:107:2: note: include '<stdio.h>' or provide a declaration of 'printf'
../src/helloworld.c:113:5: warning: implicit declaration of function 'cleanup_platform' [-Wimplicit-function-declaration]
     cleanup_platform();
     ^~~~~~~~~~~~~~~~
../src/helloworld.c:58:33: warning: unused variable 'out_stream' [-Wunused-variable]
     COMPLEXD in_stream[2*nUSC], out_stream[nUSC];
                                 ^~~~~~~~~~
../src/helloworld.c:58:14: warning: unused variable 'in_stream' [-Wunused-variable]
     COMPLEXD in_stream[2*nUSC], out_stream[nUSC];
              ^~~~~~~~~
make: *** [src/subdir.mk:26: src/helloworld.o] Error 1
16:11:27 **** Auto Build of configuration Debug for project LSDNN_SDK ****
make pre-build main-build 
a9-linaro-pre-build-step
' '
'Building file: ../src/helloworld.c'
'Invoking: ARM v7 gcc compiler'
arm-none-eabi-gcc -Wall -O0 -g3 -c -fmessage-length=0 -MT"src/helloworld.o" -mcpu=cortex-a9 -mfpu=vfpv3 -mfloat-abi=hard -I../../LSDNN_SDK_bsp/ps7_cortexa9_0/include -MMD -MP -MF"src/helloworld.d" -MT"src/helloworld.o" -o "src/helloworld.o" "../src/helloworld.c"
In file included from ../src/helloworld.c:49:
../src/data.h:13:7: error: unknown type name 'COMPLEXD'
 const COMPLEXD trainingSym[nUSC] = {1.0+0.0*I, 1.0+0.0*I, -1.0+0.0*I, -1.0+0.0*I, 1.0+0.0*I, 1.0+0.0*I, -1.0+0.0*I, 1.0+0.0*I, -1.0+0.0*I, 1.0+0.0*I, 1.0+0.0*I, 1.0+0.0*I, 1.0+0.0*I, 1.0+0.0*I, 1.0+0.0*I, -1.0+0.0*I, -1.0+0.0*I, 1.0+0.0*I, 1.0+0.0*I, -1.0+0.0*I, 1.0+0.0*I, -1.0+0.0*I, 1.0+0.0*I, 1.0+0.0*I, 1.0+0.0*I, 1.0+0.0*I, 1.0+0.0*I, -1.0+0.0*I, -1.0+0.0*I, 1.0+0.0*I, 1.0+0.0*I, -1.0+0.0*I, 1.0+0.0*I, -1.0+0.0*I, 1.0+0.0*I, -1.0+0.0*I, -1.0+0.0*I, -1.0+0.0*I, -1.0+0.0*I, -1.0+0.0*I, 1.0+0.0*I, 1.0+0.0*I, -1.0+0.0*I, -1.0+0.0*I, 1.0+0.0*I, -1.0+0.0*I, 1.0+0.0*I, -1.0+0.0*I, 1.0+0.0*I, 1.0+0.0*I, 1.0+0.0*I, 1.0+0.0*I};
       ^~~~~~~~
../src/data.h:13:28: error: 'nUSC' undeclared here (not in a function)
 const COMPLEXD trainingSym[nUSC] = {1.0+0.0*I, 1.0+0.0*I, -1.0+0.0*I, -1.0+0.0*I, 1.0+0.0*I, 1.0+0.0*I, -1.0+0.0*I, 1.0+0.0*I, -1.0+0.0*I, 1.0+0.0*I, 1.0+0.0*I, 1.0+0.0*I, 1.0+0.0*I, 1.0+0.0*I, 1.0+0.0*I, -1.0+0.0*I, -1.0+0.0*I, 1.0+0.0*I, 1.0+0.0*I, -1.0+0.0*I, 1.0+0.0*I, -1.0+0.0*I, 1.0+0.0*I, 1.0+0.0*I, 1.0+0.0*I, 1.0+0.0*I, 1.0+0.0*I, -1.0+0.0*I, -1.0+0.0*I, 1.0+0.0*I, 1.0+0.0*I, -1.0+0.0*I, 1.0+0.0*I, -1.0+0.0*I, 1.0+0.0*I, -1.0+0.0*I, -1.0+0.0*I, -1.0+0.0*I, -1.0+0.0*I, -1.0+0.0*I, 1.0+0.0*I, 1.0+0.0*I, -1.0+0.0*I, -1.0+0.0*I, 1.0+0.0*I, -1.0+0.0*I, 1.0+0.0*I, -1.0+0.0*I, 1.0+0.0*I, 1.0+0.0*I, 1.0+0.0*I, 1.0+0.0*I};
                            ^~~~
../src/data.h:13:45: error: 'I' undeclared here (not in a function)
 const COMPLEXD trainingSym[nUSC] = {1.0+0.0*I, 1.0+0.0*I, -1.0+0.0*I, -1.0+0.0*I, 1.0+0.0*I, 1.0+0.0*I, -1.0+0.0*I, 1.0+0.0*I, -1.0+0.0*I, 1.0+0.0*I, 1.0+0.0*I, 1.0+0.0*I, 1.0+0.0*I, 1.0+0.0*I, 1.0+0.0*I, -1.0+0.0*I, -1.0+0.0*I, 1.0+0.0*I, 1.0+0.0*I, -1.0+0.0*I, 1.0+0.0*I, -1.0+0.0*I, 1.0+0.0*I, 1.0+0.0*I, 1.0+0.0*I, 1.0+0.0*I, 1.0+0.0*I, -1.0+0.0*I, -1.0+0.0*I, 1.0+0.0*I, 1.0+0.0*I, -1.0+0.0*I, 1.0+0.0*I, -1.0+0.0*I, 1.0+0.0*I, -1.0+0.0*I, -1.0+0.0*I, -1.0+0.0*I, -1.0+0.0*I, -1.0+0.0*I, 1.0+0.0*I, 1.0+0.0*I, -1.0+0.0*I, -1.0+0.0*I, 1.0+0.0*I, -1.0+0.0*I, 1.0+0.0*I, -1.0+0.0*I, 1.0+0.0*I, 1.0+0.0*I, 1.0+0.0*I, 1.0+0.0*I};
                                             ^
In file included from ../src/helloworld.c:49:
../src/data.h:14:7: error: unknown type name 'COMPLEXD'
 const COMPLEXD preambleIn[nUSC] = {-0.5484816+0.3837994i,-0.3623023+1.075885i,0.7660071-0.6852779i,-0.0140981-0.6291122i,1.606364+0.8892474i,1.678347+0.05568536i,-0.163479+1.465672i,0.329441-0.8346519i,1.457966+1.253829i,-0.7650381+0.3915202i,-0.4770873+1.216696i,0.2704967+1.656089i,1.11718+1.513583i,1.672272+0.8698606i,1.692708+0.02713398i,-0.1664147+1.464067i,0.6496252+1.655365i,-0.3944012-0.4606687i,-0.7537365+0.3073461i,1.556247-0.3100925i,0.1550612+1.652639i,-0.01961903-0.7737306i,1.68035+0.9939642i,1.78702+0.103106i,1.291099-0.6523168i,0.4208774-0.9108285i,-0.8138225+0.2705191i,1.606952-0.3237317i,0.8732339-0.854722i,1.039143+1.616512i,1.681558+0.9887982i,-0.7549856+0.7285228i,1.262935-0.6302111i,0.5989876+1.687877i,-0.3743775-0.4899487i,1.744228+0.5375728i,1.516853-0.2750378i,0.8335972-0.7399392i,0.03111804-0.6592211i,-0.5190284-0.09958155i,1.598747+0.1686445i,1.184511-0.4442197i,0.5149598+1.484886i,1.168673+1.230752i,-0.505945+0.1895986i,1.430026-0.03442641i,0.06406594+1.334762i,0.2785636-0.5794072i,1.305439+1.046659i,1.525923+0.4044627i,1.291645-0.2355201i,0.7046942-0.5829725i};
       ^~~~~~~~
../src/helloworld.c: In function 'main':
../src/helloworld.c:54:5: warning: implicit declaration of function 'init_platform' [-Wimplicit-function-declaration]
     init_platform();
     ^~~~~~~~~~~~~
../src/helloworld.c:56:5: warning: implicit declaration of function 'print' [-Wimplicit-function-declaration]
     print("\nHello World...\n");
     ^~~~~
../src/helloworld.c:58:5: error: unknown type name 'COMPLEXD'
     COMPLEXD in_stream[2*nUSC], out_stream[nUSC];
     ^~~~~~~~
../src/helloworld.c:66:5: error: unknown type name 'XAxiDma'
     XAxiDma axidma;
     ^~~~~~~
../src/helloworld.c:67:5: error: unknown type name 'XAxiDma_Config'
     XAxiDma_Config* dma_cfgptr;
     ^~~~~~~~~~~~~~
../src/helloworld.c:69:18: warning: implicit declaration of function 'XAxiDma_LookupConfig' [-Wimplicit-function-declaration]
     dma_cfgptr = XAxiDma_LookupConfig(XPAR_AXI_DMA_0_DEVICE_ID);
                  ^~~~~~~~~~~~~~~~~~~~
../src/helloworld.c:69:39: error: 'XPAR_AXI_DMA_0_DEVICE_ID' undeclared (first use in this function)
     dma_cfgptr = XAxiDma_LookupConfig(XPAR_AXI_DMA_0_DEVICE_ID);
                                       ^~~~~~~~~~~~~~~~~~~~~~~~
../src/helloworld.c:69:39: note: each undeclared identifier is reported only once for each function it appears in
../src/helloworld.c:71:18: warning: implicit declaration of function 'XAxiDma_CfgInitialize' [-Wimplicit-function-declaration]
     int status = XAxiDma_CfgInitialize(&axidma, dma_cfgptr);
                  ^~~~~~~~~~~~~~~~~~~~~
../src/helloworld.c:72:18: error: 'XST_SUCCESS' undeclared (first use in this function)
     if(status != XST_SUCCESS) {
                  ^~~~~~~~~~~
../src/helloworld.c:73:6: warning: implicit declaration of function 'printf' [-Wimplicit-function-declaration]
      printf("\nDMA initialization failed\n");
      ^~~~~~
../src/helloworld.c:73:6: warning: incompatible implicit declaration of built-in function 'printf'
../src/helloworld.c:73:6: note: include '<stdio.h>' or provide a declaration of 'printf'
../src/helloworld.c:50:1:
+#include <stdio.h>
 
../src/helloworld.c:73:6:
      printf("\nDMA initialization failed\n");
      ^~~~~~
../src/helloworld.c:74:13: error: 'XST_FAILURE' undeclared (first use in this function)
      return XST_FAILURE;
             ^~~~~~~~~~~
../src/helloworld.c:78:2: error: unknown type name 'XTime'
  XTime t_start, t_end;
  ^~~~~
../src/helloworld.c:82:2: warning: implicit declaration of function 'XTime_SetTime' [-Wimplicit-function-declaration]
  XTime_SetTime(0);
  ^~~~~~~~~~~~~
../src/helloworld.c:83:2: warning: implicit declaration of function 'XTime_GetTime' [-Wimplicit-function-declaration]
  XTime_GetTime(&t_start);
  ^~~~~~~~~~~~~
../src/helloworld.c:85:5: warning: implicit declaration of function 'Xil_DCacheFlushRange' [-Wimplicit-function-declaration]
     Xil_DCacheFlushRange((UINTPTR)in_stream, 2*nUSC*sizeof(COMPLEXD));
     ^~~~~~~~~~~~~~~~~~~~
../src/helloworld.c:85:27: error: 'UINTPTR' undeclared (first use in this function)
     Xil_DCacheFlushRange((UINTPTR)in_stream, 2*nUSC*sizeof(COMPLEXD));
                           ^~~~~~~
../src/helloworld.c:85:35: error: expected ')' before 'in_stream'
     Xil_DCacheFlushRange((UINTPTR)in_stream, 2*nUSC*sizeof(COMPLEXD));
                                   ^~~~~~~~~
                                   )
../src/helloworld.c:87:5: warning: implicit declaration of function 'XAxiDma_SimpleTransfer' [-Wimplicit-function-declaration]
     XAxiDma_SimpleTransfer(&axidma, (UINTPTR)out_stream, sizeof(COMPLEXD)*nUSC, XAXIDMA_DEVICE_TO_DMA);
     ^~~~~~~~~~~~~~~~~~~~~~
../src/helloworld.c:87:46: error: expected ')' before 'out_stream'
     XAxiDma_SimpleTransfer(&axidma, (UINTPTR)out_stream, sizeof(COMPLEXD)*nUSC, XAXIDMA_DEVICE_TO_DMA);
                                              ^~~~~~~~~~
                                              )
../src/helloworld.c:88:46: error: expected ')' before 'in_stream'
     XAxiDma_SimpleTransfer(&axidma, (UINTPTR)in_stream, sizeof(COMPLEXD)*nUSC*2, XAXIDMA_DMA_TO_DEVICE);
                                              ^~~~~~~~~
                                              )
../src/helloworld.c:90:5: warning: implicit declaration of function 'Xil_DCacheInvalidateRange' [-Wimplicit-function-declaration]
     Xil_DCacheInvalidateRange((UINTPTR)out_stream, sizeof(COMPLEXD)*nUSC);
     ^~~~~~~~~~~~~~~~~~~~~~~~~
../src/helloworld.c:90:40: error: expected ')' before 'out_stream'
     Xil_DCacheInvalidateRange((UINTPTR)out_stream, sizeof(COMPLEXD)*nUSC);
                                        ^~~~~~~~~~
                                        )
../src/helloworld.c:92:14: warning: implicit declaration of function 'XAxiDma_ReadReg' [-Wimplicit-function-declaration]
     status = XAxiDma_ReadReg(XPAR_AXI_DMA_0_BASEADDR, 0x04) & XAXIDMA_IDLE_MASK;
              ^~~~~~~~~~~~~~~
../src/helloworld.c:92:30: error: 'XPAR_AXI_DMA_0_BASEADDR' undeclared (first use in this function)
     status = XAxiDma_ReadReg(XPAR_AXI_DMA_0_BASEADDR, 0x04) & XAXIDMA_IDLE_MASK;
                              ^~~~~~~~~~~~~~~~~~~~~~~
../src/helloworld.c:92:63: error: 'XAXIDMA_IDLE_MASK' undeclared (first use in this function)
     status = XAxiDma_ReadReg(XPAR_AXI_DMA_0_BASEADDR, 0x04) & XAXIDMA_IDLE_MASK;
                                                               ^~~~~~~~~~~~~~~~~
../src/helloworld.c:105:32: error: 'COUNTS_PER_SECOND' undeclared (first use in this function)
  exec_time = (float)1.0*del_t/(COUNTS_PER_SECOND/1000000);
                                ^~~~~~~~~~~~~~~~~
../src/helloworld.c:107:2: warning: incompatible implicit declaration of built-in function 'printf'
  printf("\nExecution time: %f ms\n", exec_time);
  ^~~~~~
../src/helloworld.c:107:2: note: include '<stdio.h>' or provide a declaration of 'printf'
../src/helloworld.c:113:5: warning: implicit declaration of function 'cleanup_platform' [-Wimplicit-function-declaration]
     cleanup_platform();
     ^~~~~~~~~~~~~~~~
../src/helloworld.c:58:33: warning: unused variable 'out_stream' [-Wunused-variable]
     COMPLEXD in_stream[2*nUSC], out_stream[nUSC];
                                 ^~~~~~~~~~
../src/helloworld.c:58:14: warning: unused variable 'in_stream' [-Wunused-variable]
     COMPLEXD in_stream[2*nUSC], out_stream[nUSC];
              ^~~~~~~~~
make: *** [src/subdir.mk:26: src/helloworld.o] Error 1
16:11:51 **** Auto Build of configuration Debug for project LSDNN_SDK ****
make pre-build main-build 
a9-linaro-pre-build-step
' '
'Building file: ../src/helloworld.c'
'Invoking: ARM v7 gcc compiler'
arm-none-eabi-gcc -Wall -O0 -g3 -c -fmessage-length=0 -MT"src/helloworld.o" -mcpu=cortex-a9 -mfpu=vfpv3 -mfloat-abi=hard -I../../LSDNN_SDK_bsp/ps7_cortexa9_0/include -MMD -MP -MF"src/helloworld.d" -MT"src/helloworld.o" -o "src/helloworld.o" "../src/helloworld.c"
In file included from ../src/main.h:19,
                 from ../src/helloworld.c:48:
../../LSDNN_SDK_bsp/ps7_cortexa9_0/include/xtime_l.h:87:9: note: #pragma message: For the sleep routines, Global timer is being used
 #pragma message ("For the sleep routines, Global timer is being used")
         ^~~~~~~
'Finished building: ../src/helloworld.c'
' '
'Building target: LSDNN_SDK.elf'
'Invoking: ARM v7 gcc linker'
arm-none-eabi-gcc -mcpu=cortex-a9 -mfpu=vfpv3 -mfloat-abi=hard -Wl,-build-id=none -specs=Xilinx.spec -Wl,-T -Wl,../src/lscript.ld -L../../LSDNN_SDK_bsp/ps7_cortexa9_0/lib -o "LSDNN_SDK.elf"  ./src/helloworld.o ./src/platform.o   -Wl,--start-group,-lxil,-lgcc,-lc,--end-group
'Finished building target: LSDNN_SDK.elf'
' '
'Invoking: ARM v7 Print Size'
arm-none-eabi-size LSDNN_SDK.elf  |tee "LSDNN_SDK.elf.size"
   text	   data	    bss	    dec	    hex	filename
  68180	   2648	  23328	  94156	  16fcc	LSDNN_SDK.elf
'Finished building: LSDNN_SDK.elf.size'
' '
15:08:21 **** Build of project LSDNN_SDK_bsp ****
make -k all 
"Running Make include in ps7_cortexa9_0/libsrc/axidma_v9_9/src"
make -C ps7_cortexa9_0/libsrc/axidma_v9_9/src -s include  "SHELL=CMD" "COMPILER=arm-none-eabi-gcc" "ARCHIVER=arm-none-eabi-ar" "COMPILER_FLAGS=  -O2 -c" "EXTRA_COMPILER_FLAGS=-mcpu=cortex-a9 -mfpu=vfpv3 -mfloat-abi=hard -nostartfiles -g -Wall -Wextra"
"Running Make include in ps7_cortexa9_0/libsrc/coresightps_dcc_v1_5/src"
make -C ps7_cortexa9_0/libsrc/coresightps_dcc_v1_5/src -s include  "SHELL=CMD" "COMPILER=arm-none-eabi-gcc" "ARCHIVER=arm-none-eabi-ar" "COMPILER_FLAGS=  -O2 -c" "EXTRA_COMPILER_FLAGS=-mcpu=cortex-a9 -mfpu=vfpv3 -mfloat-abi=hard -nostartfiles -g -Wall -Wextra"
"Running Make include in ps7_cortexa9_0/libsrc/cpu_cortexa9_v2_7/src"
make -C ps7_cortexa9_0/libsrc/cpu_cortexa9_v2_7/src -s include  "SHELL=CMD" "COMPILER=arm-none-eabi-gcc" "ARCHIVER=arm-none-eabi-ar" "COMPILER_FLAGS=  -O2 -c" "EXTRA_COMPILER_FLAGS=-mcpu=cortex-a9 -mfpu=vfpv3 -mfloat-abi=hard -nostartfiles -g -Wall -Wextra"
"Running Make include in ps7_cortexa9_0/libsrc/ddrps_v1_0/src"
make -C ps7_cortexa9_0/libsrc/ddrps_v1_0/src -s include  "SHELL=CMD" "COMPILER=arm-none-eabi-gcc" "ARCHIVER=arm-none-eabi-ar" "COMPILER_FLAGS=  -O2 -c" "EXTRA_COMPILER_FLAGS=-mcpu=cortex-a9 -mfpu=vfpv3 -mfloat-abi=hard -nostartfiles -g -Wall -Wextra"
"Running Make include in ps7_cortexa9_0/libsrc/devcfg_v3_5/src"
make -C ps7_cortexa9_0/libsrc/devcfg_v3_5/src -s include  "SHELL=CMD" "COMPILER=arm-none-eabi-gcc" "ARCHIVER=arm-none-eabi-ar" "COMPILER_FLAGS=  -O2 -c" "EXTRA_COMPILER_FLAGS=-mcpu=cortex-a9 -mfpu=vfpv3 -mfloat-abi=hard -nostartfiles -g -Wall -Wextra"
"Running Make include in ps7_cortexa9_0/libsrc/dmaps_v2_4/src"
make -C ps7_cortexa9_0/libsrc/dmaps_v2_4/src -s include  "SHELL=CMD" "COMPILER=arm-none-eabi-gcc" "ARCHIVER=arm-none-eabi-ar" "COMPILER_FLAGS=  -O2 -c" "EXTRA_COMPILER_FLAGS=-mcpu=cortex-a9 -mfpu=vfpv3 -mfloat-abi=hard -nostartfiles -g -Wall -Wextra"
"Running Make include in ps7_cortexa9_0/libsrc/gpiops_v3_5/src"
make -C ps7_cortexa9_0/libsrc/gpiops_v3_5/src -s include  "SHELL=CMD" "COMPILER=arm-none-eabi-gcc" "ARCHIVER=arm-none-eabi-ar" "COMPILER_FLAGS=  -O2 -c" "EXTRA_COMPILER_FLAGS=-mcpu=cortex-a9 -mfpu=vfpv3 -mfloat-abi=hard -nostartfiles -g -Wall -Wextra"
"Running Make include in ps7_cortexa9_0/libsrc/scugic_v4_0/src"
make -C ps7_cortexa9_0/libsrc/scugic_v4_0/src -s include  "SHELL=CMD" "COMPILER=arm-none-eabi-gcc" "ARCHIVER=arm-none-eabi-ar" "COMPILER_FLAGS=  -O2 -c" "EXTRA_COMPILER_FLAGS=-mcpu=cortex-a9 -mfpu=vfpv3 -mfloat-abi=hard -nostartfiles -g -Wall -Wextra"
"Running Make include in ps7_cortexa9_0/libsrc/scutimer_v2_1/src"
make -C ps7_cortexa9_0/libsrc/scutimer_v2_1/src -s include  "SHELL=CMD" "COMPILER=arm-none-eabi-gcc" "ARCHIVER=arm-none-eabi-ar" "COMPILER_FLAGS=  -O2 -c" "EXTRA_COMPILER_FLAGS=-mcpu=cortex-a9 -mfpu=vfpv3 -mfloat-abi=hard -nostartfiles -g -Wall -Wextra"
"Running Make include in ps7_cortexa9_0/libsrc/scuwdt_v2_1/src"
make -C ps7_cortexa9_0/libsrc/scuwdt_v2_1/src -s include  "SHELL=CMD" "COMPILER=arm-none-eabi-gcc" "ARCHIVER=arm-none-eabi-ar" "COMPILER_FLAGS=  -O2 -c" "EXTRA_COMPILER_FLAGS=-mcpu=cortex-a9 -mfpu=vfpv3 -mfloat-abi=hard -nostartfiles -g -Wall -Wextra"
"Running Make include in ps7_cortexa9_0/libsrc/standalone_v7_0/src"
make -C ps7_cortexa9_0/libsrc/standalone_v7_0/src -s include  "SHELL=CMD" "COMPILER=arm-none-eabi-gcc" "ARCHIVER=arm-none-eabi-ar" "COMPILER_FLAGS=  -O2 -c" "EXTRA_COMPILER_FLAGS=-mcpu=cortex-a9 -mfpu=vfpv3 -mfloat-abi=hard -nostartfiles -g -Wall -Wextra"
"Running Make include in ps7_cortexa9_0/libsrc/uartps_v3_7/src"
make -C ps7_cortexa9_0/libsrc/uartps_v3_7/src -s include  "SHELL=CMD" "COMPILER=arm-none-eabi-gcc" "ARCHIVER=arm-none-eabi-ar" "COMPILER_FLAGS=  -O2 -c" "EXTRA_COMPILER_FLAGS=-mcpu=cortex-a9 -mfpu=vfpv3 -mfloat-abi=hard -nostartfiles -g -Wall -Wextra"
"Running Make include in ps7_cortexa9_0/libsrc/xadcps_v2_3/src"
make -C ps7_cortexa9_0/libsrc/xadcps_v2_3/src -s include  "SHELL=CMD" "COMPILER=arm-none-eabi-gcc" "ARCHIVER=arm-none-eabi-ar" "COMPILER_FLAGS=  -O2 -c" "EXTRA_COMPILER_FLAGS=-mcpu=cortex-a9 -mfpu=vfpv3 -mfloat-abi=hard -nostartfiles -g -Wall -Wextra"
"Running Make libs in ps7_cortexa9_0/libsrc/axidma_v9_9/src"
make -C ps7_cortexa9_0/libsrc/axidma_v9_9/src -s libs  "SHELL=CMD" "COMPILER=arm-none-eabi-gcc" "ARCHIVER=arm-none-eabi-ar" "COMPILER_FLAGS=  -O2 -c" "EXTRA_COMPILER_FLAGS=-mcpu=cortex-a9 -mfpu=vfpv3 -mfloat-abi=hard -nostartfiles -g -Wall -Wextra"
"Compiling axidma"
"Running Make libs in ps7_cortexa9_0/libsrc/coresightps_dcc_v1_5/src"
make -C ps7_cortexa9_0/libsrc/coresightps_dcc_v1_5/src -s libs  "SHELL=CMD" "COMPILER=arm-none-eabi-gcc" "ARCHIVER=arm-none-eabi-ar" "COMPILER_FLAGS=  -O2 -c" "EXTRA_COMPILER_FLAGS=-mcpu=cortex-a9 -mfpu=vfpv3 -mfloat-abi=hard -nostartfiles -g -Wall -Wextra"
"Compiling coresightps_dcc"
"Running Make libs in ps7_cortexa9_0/libsrc/cpu_cortexa9_v2_7/src"
make -C ps7_cortexa9_0/libsrc/cpu_cortexa9_v2_7/src -s libs  "SHELL=CMD" "COMPILER=arm-none-eabi-gcc" "ARCHIVER=arm-none-eabi-ar" "COMPILER_FLAGS=  -O2 -c" "EXTRA_COMPILER_FLAGS=-mcpu=cortex-a9 -mfpu=vfpv3 -mfloat-abi=hard -nostartfiles -g -Wall -Wextra"
"Compiling cpu_cortexa9"
"Running Make libs in ps7_cortexa9_0/libsrc/ddrps_v1_0/src"
make -C ps7_cortexa9_0/libsrc/ddrps_v1_0/src -s libs  "SHELL=CMD" "COMPILER=arm-none-eabi-gcc" "ARCHIVER=arm-none-eabi-ar" "COMPILER_FLAGS=  -O2 -c" "EXTRA_COMPILER_FLAGS=-mcpu=cortex-a9 -mfpu=vfpv3 -mfloat-abi=hard -nostartfiles -g -Wall -Wextra"
"Compiling ddrps"
"Running Make libs in ps7_cortexa9_0/libsrc/devcfg_v3_5/src"
make -C ps7_cortexa9_0/libsrc/devcfg_v3_5/src -s libs  "SHELL=CMD" "COMPILER=arm-none-eabi-gcc" "ARCHIVER=arm-none-eabi-ar" "COMPILER_FLAGS=  -O2 -c" "EXTRA_COMPILER_FLAGS=-mcpu=cortex-a9 -mfpu=vfpv3 -mfloat-abi=hard -nostartfiles -g -Wall -Wextra"
"Compiling devcfg"
"Running Make libs in ps7_cortexa9_0/libsrc/dmaps_v2_4/src"
make -C ps7_cortexa9_0/libsrc/dmaps_v2_4/src -s libs  "SHELL=CMD" "COMPILER=arm-none-eabi-gcc" "ARCHIVER=arm-none-eabi-ar" "COMPILER_FLAGS=  -O2 -c" "EXTRA_COMPILER_FLAGS=-mcpu=cortex-a9 -mfpu=vfpv3 -mfloat-abi=hard -nostartfiles -g -Wall -Wextra"
"Compiling dmaps"
"Running Make libs in ps7_cortexa9_0/libsrc/gpiops_v3_5/src"
make -C ps7_cortexa9_0/libsrc/gpiops_v3_5/src -s libs  "SHELL=CMD" "COMPILER=arm-none-eabi-gcc" "ARCHIVER=arm-none-eabi-ar" "COMPILER_FLAGS=  -O2 -c" "EXTRA_COMPILER_FLAGS=-mcpu=cortex-a9 -mfpu=vfpv3 -mfloat-abi=hard -nostartfiles -g -Wall -Wextra"
"Compiling gpiops"
"Running Make libs in ps7_cortexa9_0/libsrc/scugic_v4_0/src"
make -C ps7_cortexa9_0/libsrc/scugic_v4_0/src -s libs  "SHELL=CMD" "COMPILER=arm-none-eabi-gcc" "ARCHIVER=arm-none-eabi-ar" "COMPILER_FLAGS=  -O2 -c" "EXTRA_COMPILER_FLAGS=-mcpu=cortex-a9 -mfpu=vfpv3 -mfloat-abi=hard -nostartfiles -g -Wall -Wextra"
"Compiling scugic"
"Running Make libs in ps7_cortexa9_0/libsrc/scutimer_v2_1/src"
make -C ps7_cortexa9_0/libsrc/scutimer_v2_1/src -s libs  "SHELL=CMD" "COMPILER=arm-none-eabi-gcc" "ARCHIVER=arm-none-eabi-ar" "COMPILER_FLAGS=  -O2 -c" "EXTRA_COMPILER_FLAGS=-mcpu=cortex-a9 -mfpu=vfpv3 -mfloat-abi=hard -nostartfiles -g -Wall -Wextra"
"Compiling scutimer"
"Running Make libs in ps7_cortexa9_0/libsrc/scuwdt_v2_1/src"
make -C ps7_cortexa9_0/libsrc/scuwdt_v2_1/src -s libs  "SHELL=CMD" "COMPILER=arm-none-eabi-gcc" "ARCHIVER=arm-none-eabi-ar" "COMPILER_FLAGS=  -O2 -c" "EXTRA_COMPILER_FLAGS=-mcpu=cortex-a9 -mfpu=vfpv3 -mfloat-abi=hard -nostartfiles -g -Wall -Wextra"
"Compiling scuwdt"
"Running Make libs in ps7_cortexa9_0/libsrc/standalone_v7_0/src"
make -C ps7_cortexa9_0/libsrc/standalone_v7_0/src -s libs  "SHELL=CMD" "COMPILER=arm-none-eabi-gcc" "ARCHIVER=arm-none-eabi-ar" "COMPILER_FLAGS=  -O2 -c" "EXTRA_COMPILER_FLAGS=-mcpu=cortex-a9 -mfpu=vfpv3 -mfloat-abi=hard -nostartfiles -g -Wall -Wextra"
"Compiling standalone"
In file included from usleep.c:56:
xtime_l.h:87:9: note: #pragma message: For the sleep routines, Global timer is being used
 #pragma message ("For the sleep routines, Global timer is being used")
         ^~~~~~~
In file included from sleep.c:53:
xtime_l.h:87:9: note: #pragma message: For the sleep routines, Global timer is being used
 #pragma message ("For the sleep routines, Global timer is being used")
         ^~~~~~~
In file included from xil_sleeptimer.c:51:
xtime_l.h:87:9: note: #pragma message: For the sleep routines, Global timer is being used
 #pragma message ("For the sleep routines, Global timer is being used")
         ^~~~~~~
In file included from xtime_l.c:49:
xtime_l.h:87:9: note: #pragma message: For the sleep routines, Global timer is being used
 #pragma message ("For the sleep routines, Global timer is being used")
         ^~~~~~~
"Running Make libs in ps7_cortexa9_0/libsrc/uartps_v3_7/src"
make -C ps7_cortexa9_0/libsrc/uartps_v3_7/src -s libs  "SHELL=CMD" "COMPILER=arm-none-eabi-gcc" "ARCHIVER=arm-none-eabi-ar" "COMPILER_FLAGS=  -O2 -c" "EXTRA_COMPILER_FLAGS=-mcpu=cortex-a9 -mfpu=vfpv3 -mfloat-abi=hard -nostartfiles -g -Wall -Wextra"
"Compiling uartps"
"Running Make libs in ps7_cortexa9_0/libsrc/xadcps_v2_3/src"
make -C ps7_cortexa9_0/libsrc/xadcps_v2_3/src -s libs  "SHELL=CMD" "COMPILER=arm-none-eabi-gcc" "ARCHIVER=arm-none-eabi-ar" "COMPILER_FLAGS=  -O2 -c" "EXTRA_COMPILER_FLAGS=-mcpu=cortex-a9 -mfpu=vfpv3 -mfloat-abi=hard -nostartfiles -g -Wall -Wextra"
"Compiling xadcps"
'Finished building libraries'
15:09:40 **** Clean-only build of configuration Debug for project LSDNN_SDK ****
make clean 
rm -rf  ./src/helloworld.o ./src/platform.o  ./src/helloworld.d ./src/platform.d  LSDNN_SDK.elf.size  LSDNN_SDK.elf
' '
15:09:41 **** Build of configuration Debug for project LSDNN_SDK ****
make pre-build main-build 
a9-linaro-pre-build-step
' '
'Building file: ../src/helloworld.c'
'Invoking: ARM v7 gcc compiler'
arm-none-eabi-gcc -Wall -O0 -g3 -c -fmessage-length=0 -MT"src/helloworld.o" -mcpu=cortex-a9 -mfpu=vfpv3 -mfloat-abi=hard -I../../LSDNN_SDK_bsp/ps7_cortexa9_0/include -MMD -MP -MF"src/helloworld.d" -MT"src/helloworld.o" -o "src/helloworld.o" "../src/helloworld.c"
In file included from ../src/main.h:19,
                 from ../src/data.h:11,
                 from ../src/helloworld.c:48:
../../LSDNN_SDK_bsp/ps7_cortexa9_0/include/xtime_l.h:87:9: note: #pragma message: For the sleep routines, Global timer is being used
 #pragma message ("For the sleep routines, Global timer is being used")
         ^~~~~~~
../src/helloworld.c: In function 'main':
../src/helloworld.c:96:21: error: 'Yin_0dB' undeclared (first use in this function); did you mean 'phf_0dB'?
    in_stream[k++] = Yin_0dB[i][j];
                     ^~~~~~~
                     phf_0dB
../src/helloworld.c:96:21: note: each undeclared identifier is reported only once for each function it appears in
../src/helloworld.c:99:21: error: 'training_sym' undeclared (first use in this function); did you mean 'trainingSym'?
    in_stream[k++] = training_sym[j];
                     ^~~~~~~~~~~~
                     trainingSym
../src/helloworld.c:127:33: error: 'act_0dB' undeclared (first use in this function); did you mean 'phf_0dB'?
    COMPLEXD e = out_stream[j] - act_0dB[i][j];
                                 ^~~~~~~
                                 phf_0dB
../src/helloworld.c:153:21: error: 'Yin_5dB' undeclared (first use in this function); did you mean 'phf_5dB'?
    in_stream[k++] = Yin_5dB[i][j];
                     ^~~~~~~
                     phf_5dB
../src/helloworld.c:183:33: error: 'act_5dB' undeclared (first use in this function); did you mean 'phf_5dB'?
    COMPLEXD e = out_stream[j] - act_5dB[i][j];
                                 ^~~~~~~
                                 phf_5dB
../src/helloworld.c:209:21: error: 'Yin_10dB' undeclared (first use in this function); did you mean 'phf_10dB'?
    in_stream[k++] = Yin_10dB[i][j];
                     ^~~~~~~~
                     phf_10dB
../src/helloworld.c:240:33: error: 'act_10dB' undeclared (first use in this function); did you mean 'phf_10dB'?
    COMPLEXD e = out_stream[j] - act_10dB[i][j];
                                 ^~~~~~~~
                                 phf_10dB
../src/helloworld.c:266:21: error: 'Yin_15dB' undeclared (first use in this function); did you mean 'phf_15dB'?
    in_stream[k++] = Yin_15dB[i][j];
                     ^~~~~~~~
                     phf_15dB
../src/helloworld.c:297:33: error: 'act_15dB' undeclared (first use in this function); did you mean 'phf_15dB'?
    COMPLEXD e = out_stream[j] - act_15dB[i][j];
                                 ^~~~~~~~
                                 phf_15dB
../src/helloworld.c:323:21: error: 'Yin_20dB' undeclared (first use in this function); did you mean 'phf_20dB'?
    in_stream[k++] = Yin_20dB[i][j];
                     ^~~~~~~~
                     phf_20dB
../src/helloworld.c:354:33: error: 'act_20dB' undeclared (first use in this function); did you mean 'phf_20dB'?
    COMPLEXD e = out_stream[j] - act_20dB[i][j];
                                 ^~~~~~~~
                                 phf_20dB
../src/helloworld.c:380:21: error: 'Yin_25dB' undeclared (first use in this function); did you mean 'phf_25dB'?
    in_stream[k++] = Yin_25dB[i][j];
                     ^~~~~~~~
                     phf_25dB
../src/helloworld.c:411:33: error: 'act_25dB' undeclared (first use in this function); did you mean 'phf_25dB'?
    COMPLEXD e = out_stream[j] - act_25dB[i][j];
                                 ^~~~~~~~
                                 phf_25dB
../src/helloworld.c:437:21: error: 'Yin_30dB' undeclared (first use in this function); did you mean 'phf_30dB'?
    in_stream[k++] = Yin_30dB[i][j];
                     ^~~~~~~~
                     phf_30dB
../src/helloworld.c:468:33: error: 'act_30dB' undeclared (first use in this function); did you mean 'phf_30dB'?
    COMPLEXD e = out_stream[j] - act_30dB[i][j];
                                 ^~~~~~~~
                                 phf_30dB
make: *** [src/subdir.mk:26: src/helloworld.o] Error 1
15:09:57 **** Auto Build of configuration Debug for project LSDNN_SDK ****
make pre-build main-build 
a9-linaro-pre-build-step
' '
'Building file: ../src/helloworld.c'
'Invoking: ARM v7 gcc compiler'
arm-none-eabi-gcc -Wall -O0 -g3 -c -fmessage-length=0 -MT"src/helloworld.o" -mcpu=cortex-a9 -mfpu=vfpv3 -mfloat-abi=hard -I../../LSDNN_SDK_bsp/ps7_cortexa9_0/include -MMD -MP -MF"src/helloworld.d" -MT"src/helloworld.o" -o "src/helloworld.o" "../src/helloworld.c"
In file included from ../src/main.h:19,
                 from ../src/data.h:11,
                 from ../src/helloworld.c:48:
../../LSDNN_SDK_bsp/ps7_cortexa9_0/include/xtime_l.h:87:9: note: #pragma message: For the sleep routines, Global timer is being used
 #pragma message ("For the sleep routines, Global timer is being used")
         ^~~~~~~
'Finished building: ../src/helloworld.c'
' '
'Building file: ../src/platform.c'
'Invoking: ARM v7 gcc compiler'
arm-none-eabi-gcc -Wall -O0 -g3 -c -fmessage-length=0 -MT"src/platform.o" -mcpu=cortex-a9 -mfpu=vfpv3 -mfloat-abi=hard -I../../LSDNN_SDK_bsp/ps7_cortexa9_0/include -MMD -MP -MF"src/platform.d" -MT"src/platform.o" -o "src/platform.o" "../src/platform.c"
'Finished building: ../src/platform.c'
' '
'Building target: LSDNN_SDK.elf'
'Invoking: ARM v7 gcc linker'
arm-none-eabi-gcc -mcpu=cortex-a9 -mfpu=vfpv3 -mfloat-abi=hard -Wl,-build-id=none -specs=Xilinx.spec -Wl,-T -Wl,../src/lscript.ld -L../../LSDNN_SDK_bsp/ps7_cortexa9_0/lib -o "LSDNN_SDK.elf"  ./src/helloworld.o ./src/platform.o   -Wl,--start-group,-lxil,-lgcc,-lc,--end-group
d:/softwares/xilinx/vivado/sdk/2019.1/gnu/aarch32/nt/gcc-arm-none-eabi/bin/../lib/gcc/arm-none-eabi/8.2.0/../../../../arm-none-eabi/bin/ld.exe: ./src/helloworld.o: in function `main':
D:\IIIT-D\Channel_Estimation\design_impl\LSDNN_4__WLO\LSDNN_4__WLO.sdk\LSDNN_SDK\Debug/../src/helloworld.c:128: undefined reference to `cabs'
d:/softwares/xilinx/vivado/sdk/2019.1/gnu/aarch32/nt/gcc-arm-none-eabi/bin/../lib/gcc/arm-none-eabi/8.2.0/../../../../arm-none-eabi/bin/ld.exe: D:\IIIT-D\Channel_Estimation\design_impl\LSDNN_4__WLO\LSDNN_4__WLO.sdk\LSDNN_SDK\Debug/../src/helloworld.c:128: undefined reference to `pow'
d:/softwares/xilinx/vivado/sdk/2019.1/gnu/aarch32/nt/gcc-arm-none-eabi/bin/../lib/gcc/arm-none-eabi/8.2.0/../../../../arm-none-eabi/bin/ld.exe: D:\IIIT-D\Channel_Estimation\design_impl\LSDNN_4__WLO\LSDNN_4__WLO.sdk\LSDNN_SDK\Debug/../src/helloworld.c:129: undefined reference to `cabs'
d:/softwares/xilinx/vivado/sdk/2019.1/gnu/aarch32/nt/gcc-arm-none-eabi/bin/../lib/gcc/arm-none-eabi/8.2.0/../../../../arm-none-eabi/bin/ld.exe: D:\IIIT-D\Channel_Estimation\design_impl\LSDNN_4__WLO\LSDNN_4__WLO.sdk\LSDNN_SDK\Debug/../src/helloworld.c:129: undefined reference to `pow'
d:/softwares/xilinx/vivado/sdk/2019.1/gnu/aarch32/nt/gcc-arm-none-eabi/bin/../lib/gcc/arm-none-eabi/8.2.0/../../../../arm-none-eabi/bin/ld.exe: D:\IIIT-D\Channel_Estimation\design_impl\LSDNN_4__WLO\LSDNN_4__WLO.sdk\LSDNN_SDK\Debug/../src/helloworld.c:134: undefined reference to `sqrt'
d:/softwares/xilinx/vivado/sdk/2019.1/gnu/aarch32/nt/gcc-arm-none-eabi/bin/../lib/gcc/arm-none-eabi/8.2.0/../../../../arm-none-eabi/bin/ld.exe: D:\IIIT-D\Channel_Estimation\design_impl\LSDNN_4__WLO\LSDNN_4__WLO.sdk\LSDNN_SDK\Debug/../src/helloworld.c:135: undefined reference to `sqrt'
d:/softwares/xilinx/vivado/sdk/2019.1/gnu/aarch32/nt/gcc-arm-none-eabi/bin/../lib/gcc/arm-none-eabi/8.2.0/../../../../arm-none-eabi/bin/ld.exe: D:\IIIT-D\Channel_Estimation\design_impl\LSDNN_4__WLO\LSDNN_4__WLO.sdk\LSDNN_SDK\Debug/../src/helloworld.c:184: undefined reference to `cabs'
d:/softwares/xilinx/vivado/sdk/2019.1/gnu/aarch32/nt/gcc-arm-none-eabi/bin/../lib/gcc/arm-none-eabi/8.2.0/../../../../arm-none-eabi/bin/ld.exe: D:\IIIT-D\Channel_Estimation\design_impl\LSDNN_4__WLO\LSDNN_4__WLO.sdk\LSDNN_SDK\Debug/../src/helloworld.c:184: undefined reference to `pow'
d:/softwares/xilinx/vivado/sdk/2019.1/gnu/aarch32/nt/gcc-arm-none-eabi/bin/../lib/gcc/arm-none-eabi/8.2.0/../../../../arm-none-eabi/bin/ld.exe: D:\IIIT-D\Channel_Estimation\design_impl\LSDNN_4__WLO\LSDNN_4__WLO.sdk\LSDNN_SDK\Debug/../src/helloworld.c:185: undefined reference to `cabs'
d:/softwares/xilinx/vivado/sdk/2019.1/gnu/aarch32/nt/gcc-arm-none-eabi/bin/../lib/gcc/arm-none-eabi/8.2.0/../../../../arm-none-eabi/bin/ld.exe: D:\IIIT-D\Channel_Estimation\design_impl\LSDNN_4__WLO\LSDNN_4__WLO.sdk\LSDNN_SDK\Debug/../src/helloworld.c:185: undefined reference to `pow'
d:/softwares/xilinx/vivado/sdk/2019.1/gnu/aarch32/nt/gcc-arm-none-eabi/bin/../lib/gcc/arm-none-eabi/8.2.0/../../../../arm-none-eabi/bin/ld.exe: D:\IIIT-D\Channel_Estimation\design_impl\LSDNN_4__WLO\LSDNN_4__WLO.sdk\LSDNN_SDK\Debug/../src/helloworld.c:190: undefined reference to `sqrt'
d:/softwares/xilinx/vivado/sdk/2019.1/gnu/aarch32/nt/gcc-arm-none-eabi/bin/../lib/gcc/arm-none-eabi/8.2.0/../../../../arm-none-eabi/bin/ld.exe: D:\IIIT-D\Channel_Estimation\design_impl\LSDNN_4__WLO\LSDNN_4__WLO.sdk\LSDNN_SDK\Debug/../src/helloworld.c:191: undefined reference to `sqrt'
d:/softwares/xilinx/vivado/sdk/2019.1/gnu/aarch32/nt/gcc-arm-none-eabi/bin/../lib/gcc/arm-none-eabi/8.2.0/../../../../arm-none-eabi/bin/ld.exe: D:\IIIT-D\Channel_Estimation\design_impl\LSDNN_4__WLO\LSDNN_4__WLO.sdk\LSDNN_SDK\Debug/../src/helloworld.c:241: undefined reference to `cabs'
d:/softwares/xilinx/vivado/sdk/2019.1/gnu/aarch32/nt/gcc-arm-none-eabi/bin/../lib/gcc/arm-none-eabi/8.2.0/../../../../arm-none-eabi/bin/ld.exe: D:\IIIT-D\Channel_Estimation\design_impl\LSDNN_4__WLO\LSDNN_4__WLO.sdk\LSDNN_SDK\Debug/../src/helloworld.c:241: undefined reference to `pow'
d:/softwares/xilinx/vivado/sdk/2019.1/gnu/aarch32/nt/gcc-arm-none-eabi/bin/../lib/gcc/arm-none-eabi/8.2.0/../../../../arm-none-eabi/bin/ld.exe: D:\IIIT-D\Channel_Estimation\design_impl\LSDNN_4__WLO\LSDNN_4__WLO.sdk\LSDNN_SDK\Debug/../src/helloworld.c:242: undefined reference to `cabs'
d:/softwares/xilinx/vivado/sdk/2019.1/gnu/aarch32/nt/gcc-arm-none-eabi/bin/../lib/gcc/arm-none-eabi/8.2.0/../../../../arm-none-eabi/bin/ld.exe: D:\IIIT-D\Channel_Estimation\design_impl\LSDNN_4__WLO\LSDNN_4__WLO.sdk\LSDNN_SDK\Debug/../src/helloworld.c:242: undefined reference to `pow'
d:/softwares/xilinx/vivado/sdk/2019.1/gnu/aarch32/nt/gcc-arm-none-eabi/bin/../lib/gcc/arm-none-eabi/8.2.0/../../../../arm-none-eabi/bin/ld.exe: D:\IIIT-D\Channel_Estimation\design_impl\LSDNN_4__WLO\LSDNN_4__WLO.sdk\LSDNN_SDK\Debug/../src/helloworld.c:247: undefined reference to `sqrt'
d:/softwares/xilinx/vivado/sdk/2019.1/gnu/aarch32/nt/gcc-arm-none-eabi/bin/../lib/gcc/arm-none-eabi/8.2.0/../../../../arm-none-eabi/bin/ld.exe: D:\IIIT-D\Channel_Estimation\design_impl\LSDNN_4__WLO\LSDNN_4__WLO.sdk\LSDNN_SDK\Debug/../src/helloworld.c:248: undefined reference to `sqrt'
d:/softwares/xilinx/vivado/sdk/2019.1/gnu/aarch32/nt/gcc-arm-none-eabi/bin/../lib/gcc/arm-none-eabi/8.2.0/../../../../arm-none-eabi/bin/ld.exe: D:\IIIT-D\Channel_Estimation\design_impl\LSDNN_4__WLO\LSDNN_4__WLO.sdk\LSDNN_SDK\Debug/../src/helloworld.c:298: undefined reference to `cabs'
d:/softwares/xilinx/vivado/sdk/2019.1/gnu/aarch32/nt/gcc-arm-none-eabi/bin/../lib/gcc/arm-none-eabi/8.2.0/../../../../arm-none-eabi/bin/ld.exe: D:\IIIT-D\Channel_Estimation\design_impl\LSDNN_4__WLO\LSDNN_4__WLO.sdk\LSDNN_SDK\Debug/../src/helloworld.c:298: undefined reference to `pow'
d:/softwares/xilinx/vivado/sdk/2019.1/gnu/aarch32/nt/gcc-arm-none-eabi/bin/../lib/gcc/arm-none-eabi/8.2.0/../../../../arm-none-eabi/bin/ld.exe: D:\IIIT-D\Channel_Estimation\design_impl\LSDNN_4__WLO\LSDNN_4__WLO.sdk\LSDNN_SDK\Debug/../src/helloworld.c:299: undefined reference to `cabs'
d:/softwares/xilinx/vivado/sdk/2019.1/gnu/aarch32/nt/gcc-arm-none-eabi/bin/../lib/gcc/arm-none-eabi/8.2.0/../../../../arm-none-eabi/bin/ld.exe: D:\IIIT-D\Channel_Estimation\design_impl\LSDNN_4__WLO\LSDNN_4__WLO.sdk\LSDNN_SDK\Debug/../src/helloworld.c:299: undefined reference to `pow'
d:/softwares/xilinx/vivado/sdk/2019.1/gnu/aarch32/nt/gcc-arm-none-eabi/bin/../lib/gcc/arm-none-eabi/8.2.0/../../../../arm-none-eabi/bin/ld.exe: D:\IIIT-D\Channel_Estimation\design_impl\LSDNN_4__WLO\LSDNN_4__WLO.sdk\LSDNN_SDK\Debug/../src/helloworld.c:304: undefined reference to `sqrt'
d:/softwares/xilinx/vivado/sdk/2019.1/gnu/aarch32/nt/gcc-arm-none-eabi/bin/../lib/gcc/arm-none-eabi/8.2.0/../../../../arm-none-eabi/bin/ld.exe: D:\IIIT-D\Channel_Estimation\design_impl\LSDNN_4__WLO\LSDNN_4__WLO.sdk\LSDNN_SDK\Debug/../src/helloworld.c:305: undefined reference to `sqrt'
d:/softwares/xilinx/vivado/sdk/2019.1/gnu/aarch32/nt/gcc-arm-none-eabi/bin/../lib/gcc/arm-none-eabi/8.2.0/../../../../arm-none-eabi/bin/ld.exe: D:\IIIT-D\Channel_Estimation\design_impl\LSDNN_4__WLO\LSDNN_4__WLO.sdk\LSDNN_SDK\Debug/../src/helloworld.c:355: undefined reference to `cabs'
d:/softwares/xilinx/vivado/sdk/2019.1/gnu/aarch32/nt/gcc-arm-none-eabi/bin/../lib/gcc/arm-none-eabi/8.2.0/../../../../arm-none-eabi/bin/ld.exe: D:\IIIT-D\Channel_Estimation\design_impl\LSDNN_4__WLO\LSDNN_4__WLO.sdk\LSDNN_SDK\Debug/../src/helloworld.c:355: undefined reference to `pow'
d:/softwares/xilinx/vivado/sdk/2019.1/gnu/aarch32/nt/gcc-arm-none-eabi/bin/../lib/gcc/arm-none-eabi/8.2.0/../../../../arm-none-eabi/bin/ld.exe: D:\IIIT-D\Channel_Estimation\design_impl\LSDNN_4__WLO\LSDNN_4__WLO.sdk\LSDNN_SDK\Debug/../src/helloworld.c:356: undefined reference to `cabs'
d:/softwares/xilinx/vivado/sdk/2019.1/gnu/aarch32/nt/gcc-arm-none-eabi/bin/../lib/gcc/arm-none-eabi/8.2.0/../../../../arm-none-eabi/bin/ld.exe: D:\IIIT-D\Channel_Estimation\design_impl\LSDNN_4__WLO\LSDNN_4__WLO.sdk\LSDNN_SDK\Debug/../src/helloworld.c:356: undefined reference to `pow'
d:/softwares/xilinx/vivado/sdk/2019.1/gnu/aarch32/nt/gcc-arm-none-eabi/bin/../lib/gcc/arm-none-eabi/8.2.0/../../../../arm-none-eabi/bin/ld.exe: D:\IIIT-D\Channel_Estimation\design_impl\LSDNN_4__WLO\LSDNN_4__WLO.sdk\LSDNN_SDK\Debug/../src/helloworld.c:361: undefined reference to `sqrt'
d:/softwares/xilinx/vivado/sdk/2019.1/gnu/aarch32/nt/gcc-arm-none-eabi/bin/../lib/gcc/arm-none-eabi/8.2.0/../../../../arm-none-eabi/bin/ld.exe: D:\IIIT-D\Channel_Estimation\design_impl\LSDNN_4__WLO\LSDNN_4__WLO.sdk\LSDNN_SDK\Debug/../src/helloworld.c:362: undefined reference to `sqrt'
d:/softwares/xilinx/vivado/sdk/2019.1/gnu/aarch32/nt/gcc-arm-none-eabi/bin/../lib/gcc/arm-none-eabi/8.2.0/../../../../arm-none-eabi/bin/ld.exe: D:\IIIT-D\Channel_Estimation\design_impl\LSDNN_4__WLO\LSDNN_4__WLO.sdk\LSDNN_SDK\Debug/../src/helloworld.c:412: undefined reference to `cabs'
d:/softwares/xilinx/vivado/sdk/2019.1/gnu/aarch32/nt/gcc-arm-none-eabi/bin/../lib/gcc/arm-none-eabi/8.2.0/../../../../arm-none-eabi/bin/ld.exe: D:\IIIT-D\Channel_Estimation\design_impl\LSDNN_4__WLO\LSDNN_4__WLO.sdk\LSDNN_SDK\Debug/../src/helloworld.c:412: undefined reference to `pow'
d:/softwares/xilinx/vivado/sdk/2019.1/gnu/aarch32/nt/gcc-arm-none-eabi/bin/../lib/gcc/arm-none-eabi/8.2.0/../../../../arm-none-eabi/bin/ld.exe: D:\IIIT-D\Channel_Estimation\design_impl\LSDNN_4__WLO\LSDNN_4__WLO.sdk\LSDNN_SDK\Debug/../src/helloworld.c:413: undefined reference to `cabs'
d:/softwares/xilinx/vivado/sdk/2019.1/gnu/aarch32/nt/gcc-arm-none-eabi/bin/../lib/gcc/arm-none-eabi/8.2.0/../../../../arm-none-eabi/bin/ld.exe: D:\IIIT-D\Channel_Estimation\design_impl\LSDNN_4__WLO\LSDNN_4__WLO.sdk\LSDNN_SDK\Debug/../src/helloworld.c:413: undefined reference to `pow'
d:/softwares/xilinx/vivado/sdk/2019.1/gnu/aarch32/nt/gcc-arm-none-eabi/bin/../lib/gcc/arm-none-eabi/8.2.0/../../../../arm-none-eabi/bin/ld.exe: D:\IIIT-D\Channel_Estimation\design_impl\LSDNN_4__WLO\LSDNN_4__WLO.sdk\LSDNN_SDK\Debug/../src/helloworld.c:418: undefined reference to `sqrt'
d:/softwares/xilinx/vivado/sdk/2019.1/gnu/aarch32/nt/gcc-arm-none-eabi/bin/../lib/gcc/arm-none-eabi/8.2.0/../../../../arm-none-eabi/bin/ld.exe: D:\IIIT-D\Channel_Estimation\design_impl\LSDNN_4__WLO\LSDNN_4__WLO.sdk\LSDNN_SDK\Debug/../src/helloworld.c:419: undefined reference to `sqrt'
d:/softwares/xilinx/vivado/sdk/2019.1/gnu/aarch32/nt/gcc-arm-none-eabi/bin/../lib/gcc/arm-none-eabi/8.2.0/../../../../arm-none-eabi/bin/ld.exe: D:\IIIT-D\Channel_Estimation\design_impl\LSDNN_4__WLO\LSDNN_4__WLO.sdk\LSDNN_SDK\Debug/../src/helloworld.c:469: undefined reference to `cabs'
d:/softwares/xilinx/vivado/sdk/2019.1/gnu/aarch32/nt/gcc-arm-none-eabi/bin/../lib/gcc/arm-none-eabi/8.2.0/../../../../arm-none-eabi/bin/ld.exe: D:\IIIT-D\Channel_Estimation\design_impl\LSDNN_4__WLO\LSDNN_4__WLO.sdk\LSDNN_SDK\Debug/../src/helloworld.c:469: undefined reference to `pow'
d:/softwares/xilinx/vivado/sdk/2019.1/gnu/aarch32/nt/gcc-arm-none-eabi/bin/../lib/gcc/arm-none-eabi/8.2.0/../../../../arm-none-eabi/bin/ld.exe: D:\IIIT-D\Channel_Estimation\design_impl\LSDNN_4__WLO\LSDNN_4__WLO.sdk\LSDNN_SDK\Debug/../src/helloworld.c:470: undefined reference to `cabs'
d:/softwares/xilinx/vivado/sdk/2019.1/gnu/aarch32/nt/gcc-arm-none-eabi/bin/../lib/gcc/arm-none-eabi/8.2.0/../../../../arm-none-eabi/bin/ld.exe: D:\IIIT-D\Channel_Estimation\design_impl\LSDNN_4__WLO\LSDNN_4__WLO.sdk\LSDNN_SDK\Debug/../src/helloworld.c:470: undefined reference to `pow'
d:/softwares/xilinx/vivado/sdk/2019.1/gnu/aarch32/nt/gcc-arm-none-eabi/bin/../lib/gcc/arm-none-eabi/8.2.0/../../../../arm-none-eabi/bin/ld.exe: D:\IIIT-D\Channel_Estimation\design_impl\LSDNN_4__WLO\LSDNN_4__WLO.sdk\LSDNN_SDK\Debug/../src/helloworld.c:475: undefined reference to `sqrt'
d:/softwares/xilinx/vivado/sdk/2019.1/gnu/aarch32/nt/gcc-arm-none-eabi/bin/../lib/gcc/arm-none-eabi/8.2.0/../../../../arm-none-eabi/bin/ld.exe: D:\IIIT-D\Channel_Estimation\design_impl\LSDNN_4__WLO\LSDNN_4__WLO.sdk\LSDNN_SDK\Debug/../src/helloworld.c:476: undefined reference to `sqrt'
collect2.exe: error: ld returned 1 exit status
make: *** [makefile:41: LSDNN_SDK.elf] Error 1
15:10:42 **** Clean-only build of configuration Debug for project LSDNN_SDK ****
make clean 
rm -rf  ./src/helloworld.o ./src/platform.o  ./src/helloworld.d ./src/platform.d  LSDNN_SDK.elf.size  LSDNN_SDK.elf
' '
15:10:43 **** Auto Build of configuration Debug for project LSDNN_SDK ****
make pre-build main-build 
a9-linaro-pre-build-step
' '
'Building file: ../src/helloworld.c'
'Invoking: ARM v7 gcc compiler'
arm-none-eabi-gcc -Wall -O0 -g3 -c -fmessage-length=0 -MT"src/helloworld.o" -mcpu=cortex-a9 -mfpu=vfpv3 -mfloat-abi=hard -I../../LSDNN_SDK_bsp/ps7_cortexa9_0/include -MMD -MP -MF"src/helloworld.d" -MT"src/helloworld.o" -o "src/helloworld.o" "../src/helloworld.c"
In file included from ../src/main.h:19,
                 from ../src/data.h:11,
                 from ../src/helloworld.c:48:
../../LSDNN_SDK_bsp/ps7_cortexa9_0/include/xtime_l.h:87:9: note: #pragma message: For the sleep routines, Global timer is being used
 #pragma message ("For the sleep routines, Global timer is being used")
         ^~~~~~~
'Finished building: ../src/helloworld.c'
' '
'Building file: ../src/platform.c'
'Invoking: ARM v7 gcc compiler'
arm-none-eabi-gcc -Wall -O0 -g3 -c -fmessage-length=0 -MT"src/platform.o" -mcpu=cortex-a9 -mfpu=vfpv3 -mfloat-abi=hard -I../../LSDNN_SDK_bsp/ps7_cortexa9_0/include -MMD -MP -MF"src/platform.d" -MT"src/platform.o" -o "src/platform.o" "../src/platform.c"
'Finished building: ../src/platform.c'
' '
'Building target: LSDNN_SDK.elf'
'Invoking: ARM v7 gcc linker'
arm-none-eabi-gcc -mcpu=cortex-a9 -mfpu=vfpv3 -mfloat-abi=hard -Wl,-build-id=none -specs=Xilinx.spec -Wl,-T -Wl,../src/lscript.ld -L../../LSDNN_SDK_bsp/ps7_cortexa9_0/lib -o "LSDNN_SDK.elf"  ./src/helloworld.o ./src/platform.o   -lm -Wl,--start-group,-lxil,-lgcc,-lc,--end-group
'Finished building target: LSDNN_SDK.elf'
' '
'Invoking: ARM v7 Print Size'
arm-none-eabi-size LSDNN_SDK.elf  |tee "LSDNN_SDK.elf.size"
   text	   data	    bss	    dec	    hex	filename
1244928	   2656	  23328	1270912	 136480	LSDNN_SDK.elf
'Finished building: LSDNN_SDK.elf.size'
' '
15:11:42 **** Clean-only build of configuration Debug for project LSDNN_SDK ****
make clean 
rm -rf  ./src/helloworld.o ./src/platform.o  ./src/helloworld.d ./src/platform.d  LSDNN_SDK.elf.size  LSDNN_SDK.elf
' '
15:11:43 **** Auto Build of configuration Debug for project LSDNN_SDK ****
make pre-build main-build 
a9-linaro-pre-build-step
' '
'Building file: ../src/helloworld.c'
'Invoking: ARM v7 gcc compiler'
arm-none-eabi-gcc -Wall -O0 -g3 -c -fmessage-length=0 -MT"src/helloworld.o" -mcpu=cortex-a9 -mfpu=vfpv3 -mfloat-abi=hard -I../../LSDNN_SDK_bsp/ps7_cortexa9_0/include -MMD -MP -MF"src/helloworld.d" -MT"src/helloworld.o" -o "src/helloworld.o" "../src/helloworld.c"
In file included from ../src/main.h:19,
                 from ../src/data.h:11,
                 from ../src/helloworld.c:48:
../../LSDNN_SDK_bsp/ps7_cortexa9_0/include/xtime_l.h:87:9: note: #pragma message: For the sleep routines, Global timer is being used
 #pragma message ("For the sleep routines, Global timer is being used")
         ^~~~~~~
'Finished building: ../src/helloworld.c'
' '
'Building file: ../src/platform.c'
'Invoking: ARM v7 gcc compiler'
arm-none-eabi-gcc -Wall -O0 -g3 -c -fmessage-length=0 -MT"src/platform.o" -mcpu=cortex-a9 -mfpu=vfpv3 -mfloat-abi=hard -I../../LSDNN_SDK_bsp/ps7_cortexa9_0/include -MMD -MP -MF"src/platform.d" -MT"src/platform.o" -o "src/platform.o" "../src/platform.c"
'Finished building: ../src/platform.c'
' '
'Building target: LSDNN_SDK.elf'
'Invoking: ARM v7 gcc linker'
arm-none-eabi-gcc -mcpu=cortex-a9 -mfpu=vfpv3 -mfloat-abi=hard -Wl,-build-id=none -specs=Xilinx.spec -Wl,-T -Wl,../src/lscript.ld -L../../LSDNN_SDK_bsp/ps7_cortexa9_0/lib -o "LSDNN_SDK.elf"  ./src/helloworld.o ./src/platform.o   -lm -Wl,--start-group,-lxil,-lgcc,-lc,--end-group
'Finished building target: LSDNN_SDK.elf'
' '
'Invoking: ARM v7 Print Size'
arm-none-eabi-size LSDNN_SDK.elf  |tee "LSDNN_SDK.elf.size"
   text	   data	    bss	    dec	    hex	filename
1244928	   2656	  23328	1270912	 136480	LSDNN_SDK.elf
'Finished building: LSDNN_SDK.elf.size'
' '
15:12:58 **** Incremental Build of configuration Debug for project LSDNN_SDK ****
make pre-build main-build 
a9-linaro-pre-build-step
' '
make: Nothing to be done for 'main-build'.
15:14:47 **** Auto Build of project LSDNN_SDK_bsp ****
make -k all 
"Running Make include in ps7_cortexa9_0/libsrc/axidma_v9_9/src"
make -C ps7_cortexa9_0/libsrc/axidma_v9_9/src -s include  "SHELL=CMD" "COMPILER=arm-none-eabi-gcc" "ARCHIVER=arm-none-eabi-ar" "COMPILER_FLAGS=  -O2 -c" "EXTRA_COMPILER_FLAGS=-mcpu=cortex-a9 -mfpu=vfpv3 -mfloat-abi=hard -nostartfiles -g -Wall -Wextra"
"Running Make include in ps7_cortexa9_0/libsrc/coresightps_dcc_v1_5/src"
make -C ps7_cortexa9_0/libsrc/coresightps_dcc_v1_5/src -s include  "SHELL=CMD" "COMPILER=arm-none-eabi-gcc" "ARCHIVER=arm-none-eabi-ar" "COMPILER_FLAGS=  -O2 -c" "EXTRA_COMPILER_FLAGS=-mcpu=cortex-a9 -mfpu=vfpv3 -mfloat-abi=hard -nostartfiles -g -Wall -Wextra"
"Running Make include in ps7_cortexa9_0/libsrc/cpu_cortexa9_v2_7/src"
make -C ps7_cortexa9_0/libsrc/cpu_cortexa9_v2_7/src -s include  "SHELL=CMD" "COMPILER=arm-none-eabi-gcc" "ARCHIVER=arm-none-eabi-ar" "COMPILER_FLAGS=  -O2 -c" "EXTRA_COMPILER_FLAGS=-mcpu=cortex-a9 -mfpu=vfpv3 -mfloat-abi=hard -nostartfiles -g -Wall -Wextra"
"Running Make include in ps7_cortexa9_0/libsrc/ddrps_v1_0/src"
make -C ps7_cortexa9_0/libsrc/ddrps_v1_0/src -s include  "SHELL=CMD" "COMPILER=arm-none-eabi-gcc" "ARCHIVER=arm-none-eabi-ar" "COMPILER_FLAGS=  -O2 -c" "EXTRA_COMPILER_FLAGS=-mcpu=cortex-a9 -mfpu=vfpv3 -mfloat-abi=hard -nostartfiles -g -Wall -Wextra"
"Running Make include in ps7_cortexa9_0/libsrc/devcfg_v3_5/src"
make -C ps7_cortexa9_0/libsrc/devcfg_v3_5/src -s include  "SHELL=CMD" "COMPILER=arm-none-eabi-gcc" "ARCHIVER=arm-none-eabi-ar" "COMPILER_FLAGS=  -O2 -c" "EXTRA_COMPILER_FLAGS=-mcpu=cortex-a9 -mfpu=vfpv3 -mfloat-abi=hard -nostartfiles -g -Wall -Wextra"
"Running Make include in ps7_cortexa9_0/libsrc/dmaps_v2_4/src"
make -C ps7_cortexa9_0/libsrc/dmaps_v2_4/src -s include  "SHELL=CMD" "COMPILER=arm-none-eabi-gcc" "ARCHIVER=arm-none-eabi-ar" "COMPILER_FLAGS=  -O2 -c" "EXTRA_COMPILER_FLAGS=-mcpu=cortex-a9 -mfpu=vfpv3 -mfloat-abi=hard -nostartfiles -g -Wall -Wextra"
"Running Make include in ps7_cortexa9_0/libsrc/gpiops_v3_5/src"
make -C ps7_cortexa9_0/libsrc/gpiops_v3_5/src -s include  "SHELL=CMD" "COMPILER=arm-none-eabi-gcc" "ARCHIVER=arm-none-eabi-ar" "COMPILER_FLAGS=  -O2 -c" "EXTRA_COMPILER_FLAGS=-mcpu=cortex-a9 -mfpu=vfpv3 -mfloat-abi=hard -nostartfiles -g -Wall -Wextra"
"Running Make include in ps7_cortexa9_0/libsrc/scugic_v4_0/src"
make -C ps7_cortexa9_0/libsrc/scugic_v4_0/src -s include  "SHELL=CMD" "COMPILER=arm-none-eabi-gcc" "ARCHIVER=arm-none-eabi-ar" "COMPILER_FLAGS=  -O2 -c" "EXTRA_COMPILER_FLAGS=-mcpu=cortex-a9 -mfpu=vfpv3 -mfloat-abi=hard -nostartfiles -g -Wall -Wextra"
"Running Make include in ps7_cortexa9_0/libsrc/scutimer_v2_1/src"
make -C ps7_cortexa9_0/libsrc/scutimer_v2_1/src -s include  "SHELL=CMD" "COMPILER=arm-none-eabi-gcc" "ARCHIVER=arm-none-eabi-ar" "COMPILER_FLAGS=  -O2 -c" "EXTRA_COMPILER_FLAGS=-mcpu=cortex-a9 -mfpu=vfpv3 -mfloat-abi=hard -nostartfiles -g -Wall -Wextra"
"Running Make include in ps7_cortexa9_0/libsrc/scuwdt_v2_1/src"
make -C ps7_cortexa9_0/libsrc/scuwdt_v2_1/src -s include  "SHELL=CMD" "COMPILER=arm-none-eabi-gcc" "ARCHIVER=arm-none-eabi-ar" "COMPILER_FLAGS=  -O2 -c" "EXTRA_COMPILER_FLAGS=-mcpu=cortex-a9 -mfpu=vfpv3 -mfloat-abi=hard -nostartfiles -g -Wall -Wextra"
"Running Make include in ps7_cortexa9_0/libsrc/standalone_v7_0/src"
make -C ps7_cortexa9_0/libsrc/standalone_v7_0/src -s include  "SHELL=CMD" "COMPILER=arm-none-eabi-gcc" "ARCHIVER=arm-none-eabi-ar" "COMPILER_FLAGS=  -O2 -c" "EXTRA_COMPILER_FLAGS=-mcpu=cortex-a9 -mfpu=vfpv3 -mfloat-abi=hard -nostartfiles -g -Wall -Wextra"
"Running Make include in ps7_cortexa9_0/libsrc/uartps_v3_7/src"
make -C ps7_cortexa9_0/libsrc/uartps_v3_7/src -s include  "SHELL=CMD" "COMPILER=arm-none-eabi-gcc" "ARCHIVER=arm-none-eabi-ar" "COMPILER_FLAGS=  -O2 -c" "EXTRA_COMPILER_FLAGS=-mcpu=cortex-a9 -mfpu=vfpv3 -mfloat-abi=hard -nostartfiles -g -Wall -Wextra"
"Running Make include in ps7_cortexa9_0/libsrc/xadcps_v2_3/src"
make -C ps7_cortexa9_0/libsrc/xadcps_v2_3/src -s include  "SHELL=CMD" "COMPILER=arm-none-eabi-gcc" "ARCHIVER=arm-none-eabi-ar" "COMPILER_FLAGS=  -O2 -c" "EXTRA_COMPILER_FLAGS=-mcpu=cortex-a9 -mfpu=vfpv3 -mfloat-abi=hard -nostartfiles -g -Wall -Wextra"
"Running Make libs in ps7_cortexa9_0/libsrc/axidma_v9_9/src"
make -C ps7_cortexa9_0/libsrc/axidma_v9_9/src -s libs  "SHELL=CMD" "COMPILER=arm-none-eabi-gcc" "ARCHIVER=arm-none-eabi-ar" "COMPILER_FLAGS=  -O2 -c" "EXTRA_COMPILER_FLAGS=-mcpu=cortex-a9 -mfpu=vfpv3 -mfloat-abi=hard -nostartfiles -g -Wall -Wextra"
"Compiling axidma"
arm-none-eabi-ar: creating ../../../lib/libxil.a
"Running Make libs in ps7_cortexa9_0/libsrc/coresightps_dcc_v1_5/src"
make -C ps7_cortexa9_0/libsrc/coresightps_dcc_v1_5/src -s libs  "SHELL=CMD" "COMPILER=arm-none-eabi-gcc" "ARCHIVER=arm-none-eabi-ar" "COMPILER_FLAGS=  -O2 -c" "EXTRA_COMPILER_FLAGS=-mcpu=cortex-a9 -mfpu=vfpv3 -mfloat-abi=hard -nostartfiles -g -Wall -Wextra"
"Compiling coresightps_dcc"
"Running Make libs in ps7_cortexa9_0/libsrc/cpu_cortexa9_v2_7/src"
make -C ps7_cortexa9_0/libsrc/cpu_cortexa9_v2_7/src -s libs  "SHELL=CMD" "COMPILER=arm-none-eabi-gcc" "ARCHIVER=arm-none-eabi-ar" "COMPILER_FLAGS=  -O2 -c" "EXTRA_COMPILER_FLAGS=-mcpu=cortex-a9 -mfpu=vfpv3 -mfloat-abi=hard -nostartfiles -g -Wall -Wextra"
"Compiling cpu_cortexa9"
"Running Make libs in ps7_cortexa9_0/libsrc/ddrps_v1_0/src"
make -C ps7_cortexa9_0/libsrc/ddrps_v1_0/src -s libs  "SHELL=CMD" "COMPILER=arm-none-eabi-gcc" "ARCHIVER=arm-none-eabi-ar" "COMPILER_FLAGS=  -O2 -c" "EXTRA_COMPILER_FLAGS=-mcpu=cortex-a9 -mfpu=vfpv3 -mfloat-abi=hard -nostartfiles -g -Wall -Wextra"
"Compiling ddrps"
"Running Make libs in ps7_cortexa9_0/libsrc/devcfg_v3_5/src"
make -C ps7_cortexa9_0/libsrc/devcfg_v3_5/src -s libs  "SHELL=CMD" "COMPILER=arm-none-eabi-gcc" "ARCHIVER=arm-none-eabi-ar" "COMPILER_FLAGS=  -O2 -c" "EXTRA_COMPILER_FLAGS=-mcpu=cortex-a9 -mfpu=vfpv3 -mfloat-abi=hard -nostartfiles -g -Wall -Wextra"
"Compiling devcfg"
"Running Make libs in ps7_cortexa9_0/libsrc/dmaps_v2_4/src"
make -C ps7_cortexa9_0/libsrc/dmaps_v2_4/src -s libs  "SHELL=CMD" "COMPILER=arm-none-eabi-gcc" "ARCHIVER=arm-none-eabi-ar" "COMPILER_FLAGS=  -O2 -c" "EXTRA_COMPILER_FLAGS=-mcpu=cortex-a9 -mfpu=vfpv3 -mfloat-abi=hard -nostartfiles -g -Wall -Wextra"
"Compiling dmaps"
"Running Make libs in ps7_cortexa9_0/libsrc/gpiops_v3_5/src"
make -C ps7_cortexa9_0/libsrc/gpiops_v3_5/src -s libs  "SHELL=CMD" "COMPILER=arm-none-eabi-gcc" "ARCHIVER=arm-none-eabi-ar" "COMPILER_FLAGS=  -O2 -c" "EXTRA_COMPILER_FLAGS=-mcpu=cortex-a9 -mfpu=vfpv3 -mfloat-abi=hard -nostartfiles -g -Wall -Wextra"
"Compiling gpiops"
"Running Make libs in ps7_cortexa9_0/libsrc/scugic_v4_0/src"
make -C ps7_cortexa9_0/libsrc/scugic_v4_0/src -s libs  "SHELL=CMD" "COMPILER=arm-none-eabi-gcc" "ARCHIVER=arm-none-eabi-ar" "COMPILER_FLAGS=  -O2 -c" "EXTRA_COMPILER_FLAGS=-mcpu=cortex-a9 -mfpu=vfpv3 -mfloat-abi=hard -nostartfiles -g -Wall -Wextra"
"Compiling scugic"
"Running Make libs in ps7_cortexa9_0/libsrc/scutimer_v2_1/src"
make -C ps7_cortexa9_0/libsrc/scutimer_v2_1/src -s libs  "SHELL=CMD" "COMPILER=arm-none-eabi-gcc" "ARCHIVER=arm-none-eabi-ar" "COMPILER_FLAGS=  -O2 -c" "EXTRA_COMPILER_FLAGS=-mcpu=cortex-a9 -mfpu=vfpv3 -mfloat-abi=hard -nostartfiles -g -Wall -Wextra"
"Compiling scutimer"
"Running Make libs in ps7_cortexa9_0/libsrc/scuwdt_v2_1/src"
make -C ps7_cortexa9_0/libsrc/scuwdt_v2_1/src -s libs  "SHELL=CMD" "COMPILER=arm-none-eabi-gcc" "ARCHIVER=arm-none-eabi-ar" "COMPILER_FLAGS=  -O2 -c" "EXTRA_COMPILER_FLAGS=-mcpu=cortex-a9 -mfpu=vfpv3 -mfloat-abi=hard -nostartfiles -g -Wall -Wextra"
"Compiling scuwdt"
"Running Make libs in ps7_cortexa9_0/libsrc/standalone_v7_0/src"
make -C ps7_cortexa9_0/libsrc/standalone_v7_0/src -s libs  "SHELL=CMD" "COMPILER=arm-none-eabi-gcc" "ARCHIVER=arm-none-eabi-ar" "COMPILER_FLAGS=  -O2 -c" "EXTRA_COMPILER_FLAGS=-mcpu=cortex-a9 -mfpu=vfpv3 -mfloat-abi=hard -nostartfiles -g -Wall -Wextra"
"Compiling standalone"
In file included from usleep.c:56:
xtime_l.h:87:9: note: #pragma message: For the sleep routines, Global timer is being used
 #pragma message ("For the sleep routines, Global timer is being used")
         ^~~~~~~
In file included from xil_sleeptimer.c:51:
xtime_l.h:87:9: note: #pragma message: For the sleep routines, Global timer is being used
 #pragma message ("For the sleep routines, Global timer is being used")
         ^~~~~~~
In file included from xtime_l.c:49:
xtime_l.h:87:9: note: #pragma message: For the sleep routines, Global timer is being used
 #pragma message ("For the sleep routines, Global timer is being used")
         ^~~~~~~
In file included from sleep.c:53:
xtime_l.h:87:9: note: #pragma message: For the sleep routines, Global timer is being used
 #pragma message ("For the sleep routines, Global timer is being used")
         ^~~~~~~
"Running Make libs in ps7_cortexa9_0/libsrc/uartps_v3_7/src"
make -C ps7_cortexa9_0/libsrc/uartps_v3_7/src -s libs  "SHELL=CMD" "COMPILER=arm-none-eabi-gcc" "ARCHIVER=arm-none-eabi-ar" "COMPILER_FLAGS=  -O2 -c" "EXTRA_COMPILER_FLAGS=-mcpu=cortex-a9 -mfpu=vfpv3 -mfloat-abi=hard -nostartfiles -g -Wall -Wextra"
"Compiling uartps"
"Running Make libs in ps7_cortexa9_0/libsrc/xadcps_v2_3/src"
make -C ps7_cortexa9_0/libsrc/xadcps_v2_3/src -s libs  "SHELL=CMD" "COMPILER=arm-none-eabi-gcc" "ARCHIVER=arm-none-eabi-ar" "COMPILER_FLAGS=  -O2 -c" "EXTRA_COMPILER_FLAGS=-mcpu=cortex-a9 -mfpu=vfpv3 -mfloat-abi=hard -nostartfiles -g -Wall -Wextra"
"Compiling xadcps"
'Finished building libraries'
15:16:00 **** Auto Build of configuration Debug for project LSDNN_SDK ****
make pre-build main-build 
a9-linaro-pre-build-step
' '
'Building file: ../src/helloworld.c'
'Invoking: ARM v7 gcc compiler'
arm-none-eabi-gcc -Wall -O0 -g3 -c -fmessage-length=0 -MT"src/helloworld.o" -mcpu=cortex-a9 -mfpu=vfpv3 -mfloat-abi=hard -I../../LSDNN_SDK_bsp/ps7_cortexa9_0/include -MMD -MP -MF"src/helloworld.d" -MT"src/helloworld.o" -o "src/helloworld.o" "../src/helloworld.c"
In file included from ../src/main.h:19,
                 from ../src/data.h:11,
                 from ../src/helloworld.c:48:
../../LSDNN_SDK_bsp/ps7_cortexa9_0/include/xtime_l.h:87:9: note: #pragma message: For the sleep routines, Global timer is being used
 #pragma message ("For the sleep routines, Global timer is being used")
         ^~~~~~~
'Finished building: ../src/helloworld.c'
' '
'Building file: ../src/platform.c'
'Invoking: ARM v7 gcc compiler'
arm-none-eabi-gcc -Wall -O0 -g3 -c -fmessage-length=0 -MT"src/platform.o" -mcpu=cortex-a9 -mfpu=vfpv3 -mfloat-abi=hard -I../../LSDNN_SDK_bsp/ps7_cortexa9_0/include -MMD -MP -MF"src/platform.d" -MT"src/platform.o" -o "src/platform.o" "../src/platform.c"
'Finished building: ../src/platform.c'
' '
'Building target: LSDNN_SDK.elf'
'Invoking: ARM v7 gcc linker'
arm-none-eabi-gcc -mcpu=cortex-a9 -mfpu=vfpv3 -mfloat-abi=hard -Wl,-build-id=none -specs=Xilinx.spec -Wl,-T -Wl,../src/lscript.ld -L../../LSDNN_SDK_bsp/ps7_cortexa9_0/lib -o "LSDNN_SDK.elf"  ./src/helloworld.o ./src/platform.o   -lm -Wl,--start-group,-lxil,-lgcc,-lc,--end-group
'Finished building target: LSDNN_SDK.elf'
' '
'Invoking: ARM v7 Print Size'
arm-none-eabi-size LSDNN_SDK.elf  |tee "LSDNN_SDK.elf.size"
   text	   data	    bss	    dec	    hex	filename
1244864	   2656	  23328	1270848	 136440	LSDNN_SDK.elf
'Finished building: LSDNN_SDK.elf.size'
' '
15:16:17 **** Incremental Build of configuration Debug for project LSDNN_SDK ****
make pre-build main-build 
a9-linaro-pre-build-step
' '
make: Nothing to be done for 'main-build'.
17:33:18 **** Auto Build of configuration Debug for project LSDNN_SDK ****
make pre-build main-build 
a9-linaro-pre-build-step
' '
'Building file: ../src/helloworld.c'
'Invoking: ARM v7 gcc compiler'
arm-none-eabi-gcc -Wall -O0 -g3 -c -fmessage-length=0 -MT"src/helloworld.o" -mcpu=cortex-a9 -mfpu=vfpv3 -mfloat-abi=hard -I../../LSDNN_SDK_bsp/ps7_cortexa9_0/include -MMD -MP -MF"src/helloworld.d" -MT"src/helloworld.o" -o "src/helloworld.o" "../src/helloworld.c"
In file included from ../src/main.h:19,
                 from ../src/data.h:11,
                 from ../src/helloworld.c:48:
../../LSDNN_SDK_bsp/ps7_cortexa9_0/include/xtime_l.h:87:9: note: #pragma message: For the sleep routines, Global timer is being used
 #pragma message ("For the sleep routines, Global timer is being used")
         ^~~~~~~
'Finished building: ../src/helloworld.c'
' '
'Building target: LSDNN_SDK.elf'
'Invoking: ARM v7 gcc linker'
arm-none-eabi-gcc -mcpu=cortex-a9 -mfpu=vfpv3 -mfloat-abi=hard -Wl,-build-id=none -specs=Xilinx.spec -Wl,-T -Wl,../src/lscript.ld -L../../LSDNN_SDK_bsp/ps7_cortexa9_0/lib -o "LSDNN_SDK.elf"  ./src/helloworld.o ./src/platform.o   -lm -Wl,--start-group,-lxil,-lgcc,-lc,--end-group
'Finished building target: LSDNN_SDK.elf'
' '
'Invoking: ARM v7 Print Size'
arm-none-eabi-size LSDNN_SDK.elf  |tee "LSDNN_SDK.elf.size"
   text	   data	    bss	    dec	    hex	filename
1240044	   2648	  23328	1266020	 135164	LSDNN_SDK.elf
'Finished building: LSDNN_SDK.elf.size'
' '
17:33:47 **** Incremental Build of configuration Debug for project LSDNN_SDK ****
make pre-build main-build 
a9-linaro-pre-build-step
' '
make: Nothing to be done for 'main-build'.
14:50:14 **** Auto Build of project LSDNN_SDK_bsp ****
make -k all 
"Running Make include in ps7_cortexa9_0/libsrc/axidma_v9_9/src"
make -C ps7_cortexa9_0/libsrc/axidma_v9_9/src -s include  "SHELL=CMD" "COMPILER=arm-none-eabi-gcc" "ARCHIVER=arm-none-eabi-ar" "COMPILER_FLAGS=  -O2 -c" "EXTRA_COMPILER_FLAGS=-mcpu=cortex-a9 -mfpu=vfpv3 -mfloat-abi=hard -nostartfiles -g -Wall -Wextra"
"Running Make include in ps7_cortexa9_0/libsrc/coresightps_dcc_v1_5/src"
make -C ps7_cortexa9_0/libsrc/coresightps_dcc_v1_5/src -s include  "SHELL=CMD" "COMPILER=arm-none-eabi-gcc" "ARCHIVER=arm-none-eabi-ar" "COMPILER_FLAGS=  -O2 -c" "EXTRA_COMPILER_FLAGS=-mcpu=cortex-a9 -mfpu=vfpv3 -mfloat-abi=hard -nostartfiles -g -Wall -Wextra"
"Running Make include in ps7_cortexa9_0/libsrc/cpu_cortexa9_v2_7/src"
make -C ps7_cortexa9_0/libsrc/cpu_cortexa9_v2_7/src -s include  "SHELL=CMD" "COMPILER=arm-none-eabi-gcc" "ARCHIVER=arm-none-eabi-ar" "COMPILER_FLAGS=  -O2 -c" "EXTRA_COMPILER_FLAGS=-mcpu=cortex-a9 -mfpu=vfpv3 -mfloat-abi=hard -nostartfiles -g -Wall -Wextra"
"Running Make include in ps7_cortexa9_0/libsrc/ddrps_v1_0/src"
make -C ps7_cortexa9_0/libsrc/ddrps_v1_0/src -s include  "SHELL=CMD" "COMPILER=arm-none-eabi-gcc" "ARCHIVER=arm-none-eabi-ar" "COMPILER_FLAGS=  -O2 -c" "EXTRA_COMPILER_FLAGS=-mcpu=cortex-a9 -mfpu=vfpv3 -mfloat-abi=hard -nostartfiles -g -Wall -Wextra"
"Running Make include in ps7_cortexa9_0/libsrc/devcfg_v3_5/src"
make -C ps7_cortexa9_0/libsrc/devcfg_v3_5/src -s include  "SHELL=CMD" "COMPILER=arm-none-eabi-gcc" "ARCHIVER=arm-none-eabi-ar" "COMPILER_FLAGS=  -O2 -c" "EXTRA_COMPILER_FLAGS=-mcpu=cortex-a9 -mfpu=vfpv3 -mfloat-abi=hard -nostartfiles -g -Wall -Wextra"
"Running Make include in ps7_cortexa9_0/libsrc/dmaps_v2_4/src"
make -C ps7_cortexa9_0/libsrc/dmaps_v2_4/src -s include  "SHELL=CMD" "COMPILER=arm-none-eabi-gcc" "ARCHIVER=arm-none-eabi-ar" "COMPILER_FLAGS=  -O2 -c" "EXTRA_COMPILER_FLAGS=-mcpu=cortex-a9 -mfpu=vfpv3 -mfloat-abi=hard -nostartfiles -g -Wall -Wextra"
"Running Make include in ps7_cortexa9_0/libsrc/gpiops_v3_5/src"
make -C ps7_cortexa9_0/libsrc/gpiops_v3_5/src -s include  "SHELL=CMD" "COMPILER=arm-none-eabi-gcc" "ARCHIVER=arm-none-eabi-ar" "COMPILER_FLAGS=  -O2 -c" "EXTRA_COMPILER_FLAGS=-mcpu=cortex-a9 -mfpu=vfpv3 -mfloat-abi=hard -nostartfiles -g -Wall -Wextra"
"Running Make include in ps7_cortexa9_0/libsrc/scugic_v4_0/src"
make -C ps7_cortexa9_0/libsrc/scugic_v4_0/src -s include  "SHELL=CMD" "COMPILER=arm-none-eabi-gcc" "ARCHIVER=arm-none-eabi-ar" "COMPILER_FLAGS=  -O2 -c" "EXTRA_COMPILER_FLAGS=-mcpu=cortex-a9 -mfpu=vfpv3 -mfloat-abi=hard -nostartfiles -g -Wall -Wextra"
"Running Make include in ps7_cortexa9_0/libsrc/scutimer_v2_1/src"
make -C ps7_cortexa9_0/libsrc/scutimer_v2_1/src -s include  "SHELL=CMD" "COMPILER=arm-none-eabi-gcc" "ARCHIVER=arm-none-eabi-ar" "COMPILER_FLAGS=  -O2 -c" "EXTRA_COMPILER_FLAGS=-mcpu=cortex-a9 -mfpu=vfpv3 -mfloat-abi=hard -nostartfiles -g -Wall -Wextra"
"Running Make include in ps7_cortexa9_0/libsrc/scuwdt_v2_1/src"
make -C ps7_cortexa9_0/libsrc/scuwdt_v2_1/src -s include  "SHELL=CMD" "COMPILER=arm-none-eabi-gcc" "ARCHIVER=arm-none-eabi-ar" "COMPILER_FLAGS=  -O2 -c" "EXTRA_COMPILER_FLAGS=-mcpu=cortex-a9 -mfpu=vfpv3 -mfloat-abi=hard -nostartfiles -g -Wall -Wextra"
"Running Make include in ps7_cortexa9_0/libsrc/standalone_v7_0/src"
make -C ps7_cortexa9_0/libsrc/standalone_v7_0/src -s include  "SHELL=CMD" "COMPILER=arm-none-eabi-gcc" "ARCHIVER=arm-none-eabi-ar" "COMPILER_FLAGS=  -O2 -c" "EXTRA_COMPILER_FLAGS=-mcpu=cortex-a9 -mfpu=vfpv3 -mfloat-abi=hard -nostartfiles -g -Wall -Wextra"
"Running Make include in ps7_cortexa9_0/libsrc/uartps_v3_7/src"
make -C ps7_cortexa9_0/libsrc/uartps_v3_7/src -s include  "SHELL=CMD" "COMPILER=arm-none-eabi-gcc" "ARCHIVER=arm-none-eabi-ar" "COMPILER_FLAGS=  -O2 -c" "EXTRA_COMPILER_FLAGS=-mcpu=cortex-a9 -mfpu=vfpv3 -mfloat-abi=hard -nostartfiles -g -Wall -Wextra"
"Running Make include in ps7_cortexa9_0/libsrc/xadcps_v2_3/src"
make -C ps7_cortexa9_0/libsrc/xadcps_v2_3/src -s include  "SHELL=CMD" "COMPILER=arm-none-eabi-gcc" "ARCHIVER=arm-none-eabi-ar" "COMPILER_FLAGS=  -O2 -c" "EXTRA_COMPILER_FLAGS=-mcpu=cortex-a9 -mfpu=vfpv3 -mfloat-abi=hard -nostartfiles -g -Wall -Wextra"
"Running Make libs in ps7_cortexa9_0/libsrc/axidma_v9_9/src"
[...]
make -C ps7_cortexa9_0/libsrc/dmaps_v2_4/src -s libs  "SHELL=CMD" "COMPILER=arm-none-eabi-gcc" "ARCHIVER=arm-none-eabi-ar" "COMPILER_FLAGS=  -O2 -c" "EXTRA_COMPILER_FLAGS=-mcpu=cortex-a9 -mfpu=vfpv3 -mfloat-abi=hard -nostartfiles -g -Wall -Wextra"
"Compiling dmaps"
"Running Make libs in ps7_cortexa9_0/libsrc/gpiops_v3_5/src"
make -C ps7_cortexa9_0/libsrc/gpiops_v3_5/src -s libs  "SHELL=CMD" "COMPILER=arm-none-eabi-gcc" "ARCHIVER=arm-none-eabi-ar" "COMPILER_FLAGS=  -O2 -c" "EXTRA_COMPILER_FLAGS=-mcpu=cortex-a9 -mfpu=vfpv3 -mfloat-abi=hard -nostartfiles -g -Wall -Wextra"
"Compiling gpiops"
"Running Make libs in ps7_cortexa9_0/libsrc/scugic_v4_0/src"
make -C ps7_cortexa9_0/libsrc/scugic_v4_0/src -s libs  "SHELL=CMD" "COMPILER=arm-none-eabi-gcc" "ARCHIVER=arm-none-eabi-ar" "COMPILER_FLAGS=  -O2 -c" "EXTRA_COMPILER_FLAGS=-mcpu=cortex-a9 -mfpu=vfpv3 -mfloat-abi=hard -nostartfiles -g -Wall -Wextra"
"Compiling scugic"
"Running Make libs in ps7_cortexa9_0/libsrc/scutimer_v2_1/src"
make -C ps7_cortexa9_0/libsrc/scutimer_v2_1/src -s libs  "SHELL=CMD" "COMPILER=arm-none-eabi-gcc" "ARCHIVER=arm-none-eabi-ar" "COMPILER_FLAGS=  -O2 -c" "EXTRA_COMPILER_FLAGS=-mcpu=cortex-a9 -mfpu=vfpv3 -mfloat-abi=hard -nostartfiles -g -Wall -Wextra"
"Compiling scutimer"
"Running Make libs in ps7_cortexa9_0/libsrc/scuwdt_v2_1/src"
make -C ps7_cortexa9_0/libsrc/scuwdt_v2_1/src -s libs  "SHELL=CMD" "COMPILER=arm-none-eabi-gcc" "ARCHIVER=arm-none-eabi-ar" "COMPILER_FLAGS=  -O2 -c" "EXTRA_COMPILER_FLAGS=-mcpu=cortex-a9 -mfpu=vfpv3 -mfloat-abi=hard -nostartfiles -g -Wall -Wextra"
"Compiling scuwdt"
"Running Make libs in ps7_cortexa9_0/libsrc/standalone_v7_0/src"
make -C ps7_cortexa9_0/libsrc/standalone_v7_0/src -s libs  "SHELL=CMD" "COMPILER=arm-none-eabi-gcc" "ARCHIVER=arm-none-eabi-ar" "COMPILER_FLAGS=  -O2 -c" "EXTRA_COMPILER_FLAGS=-mcpu=cortex-a9 -mfpu=vfpv3 -mfloat-abi=hard -nostartfiles -g -Wall -Wextra"
"Compiling standalone"
In file included from usleep.c:56:
xtime_l.h:87:9: note: #pragma message: For the sleep routines, Global timer is being used
 #pragma message ("For the sleep routines, Global timer is being used")
         ^~~~~~~
In file included from xil_sleeptimer.c:51:
xtime_l.h:87:9: note: #pragma message: For the sleep routines, Global timer is being used
 #pragma message ("For the sleep routines, Global timer is being used")
         ^~~~~~~
In file included from xtime_l.c:49:
xtime_l.h:87:9: note: #pragma message: For the sleep routines, Global timer is being used
 #pragma message ("For the sleep routines, Global timer is being used")
         ^~~~~~~
In file included from sleep.c:53:
xtime_l.h:87:9: note: #pragma message: For the sleep routines, Global timer is being used
 #pragma message ("For the sleep routines, Global timer is being used")
         ^~~~~~~
"Running Make libs in ps7_cortexa9_0/libsrc/uartps_v3_7/src"
make -C ps7_cortexa9_0/libsrc/uartps_v3_7/src -s libs  "SHELL=CMD" "COMPILER=arm-none-eabi-gcc" "ARCHIVER=arm-none-eabi-ar" "COMPILER_FLAGS=  -O2 -c" "EXTRA_COMPILER_FLAGS=-mcpu=cortex-a9 -mfpu=vfpv3 -mfloat-abi=hard -nostartfiles -g -Wall -Wextra"
"Compiling uartps"
"Running Make libs in ps7_cortexa9_0/libsrc/xadcps_v2_3/src"
make -C ps7_cortexa9_0/libsrc/xadcps_v2_3/src -s libs  "SHELL=CMD" "COMPILER=arm-none-eabi-gcc" "ARCHIVER=arm-none-eabi-ar" "COMPILER_FLAGS=  -O2 -c" "EXTRA_COMPILER_FLAGS=-mcpu=cortex-a9 -mfpu=vfpv3 -mfloat-abi=hard -nostartfiles -g -Wall -Wextra"
"Compiling xadcps"
'Finished building libraries'
18:04:11 **** Auto Build of configuration Debug for project LSDNN_SDK ****
make pre-build main-build 
a9-linaro-pre-build-step
' '
'Building file: ../src/helloworld.c'
'Invoking: ARM v7 gcc compiler'
arm-none-eabi-gcc -Wall -O0 -g3 -c -fmessage-length=0 -MT"src/helloworld.o" -mcpu=cortex-a9 -mfpu=vfpv3 -mfloat-abi=hard -I../../LSDNN_SDK_bsp/ps7_cortexa9_0/include -MMD -MP -MF"src/helloworld.d" -MT"src/helloworld.o" -o "src/helloworld.o" "../src/helloworld.c"
In file included from ../src/main.h:19,
                 from ../src/data.h:11,
                 from ../src/helloworld.c:48:
../../LSDNN_SDK_bsp/ps7_cortexa9_0/include/xtime_l.h:87:9: note: #pragma message: For the sleep routines, Global timer is being used
 #pragma message ("For the sleep routines, Global timer is being used")
         ^~~~~~~
'Finished building: ../src/helloworld.c'
' '
'Building file: ../src/platform.c'
'Invoking: ARM v7 gcc compiler'
arm-none-eabi-gcc -Wall -O0 -g3 -c -fmessage-length=0 -MT"src/platform.o" -mcpu=cortex-a9 -mfpu=vfpv3 -mfloat-abi=hard -I../../LSDNN_SDK_bsp/ps7_cortexa9_0/include -MMD -MP -MF"src/platform.d" -MT"src/platform.o" -o "src/platform.o" "../src/platform.c"
'Finished building: ../src/platform.c'
' '
'Building target: LSDNN_SDK.elf'
'Invoking: ARM v7 gcc linker'
arm-none-eabi-gcc -mcpu=cortex-a9 -mfpu=vfpv3 -mfloat-abi=hard -Wl,-build-id=none -specs=Xilinx.spec -Wl,-T -Wl,../src/lscript.ld -L../../LSDNN_SDK_bsp/ps7_cortexa9_0/lib -o "LSDNN_SDK.elf"  ./src/helloworld.o ./src/platform.o   -lm -Wl,--start-group,-lxil,-lgcc,-lc,--end-group
'Finished building target: LSDNN_SDK.elf'
' '
'Invoking: ARM v7 Print Size'
arm-none-eabi-size LSDNN_SDK.elf  |tee "LSDNN_SDK.elf.size"
   text	   data	    bss	    dec	    hex	filename
1240044	   2648	  23328	1266020	 135164	LSDNN_SDK.elf
'Finished building: LSDNN_SDK.elf.size'
' '
18:05:06 **** Clean-only build of project LSDNN_SDK_bsp ****
make -k clean 
make -C ps7_cortexa9_0/libsrc/axidma_v9_9/src -s clean 
make -C ps7_cortexa9_0/libsrc/coresightps_dcc_v1_5/src -s clean 
make -C ps7_cortexa9_0/libsrc/cpu_cortexa9_v2_7/src -s clean 
make -C ps7_cortexa9_0/libsrc/ddrps_v1_0/src -s clean 
make -C ps7_cortexa9_0/libsrc/devcfg_v3_5/src -s clean 
make -C ps7_cortexa9_0/libsrc/dmaps_v2_4/src -s clean 
make -C ps7_cortexa9_0/libsrc/gpiops_v3_5/src -s clean 
make -C ps7_cortexa9_0/libsrc/scugic_v4_0/src -s clean 
make -C ps7_cortexa9_0/libsrc/scutimer_v2_1/src -s clean 
make -C ps7_cortexa9_0/libsrc/scuwdt_v2_1/src -s clean 
make -C ps7_cortexa9_0/libsrc/standalone_v7_0/src -s clean 
make -C ps7_cortexa9_0/libsrc/uartps_v3_7/src -s clean 
make -C ps7_cortexa9_0/libsrc/xadcps_v2_3/src -s clean 
rm -f ps7_cortexa9_0/lib/libxil.a
18:05:12 **** Clean-only build of configuration Debug for project LSDNN_SDK ****
make clean 
rm -rf  ./src/helloworld.o ./src/platform.o  ./src/helloworld.d ./src/platform.d  LSDNN_SDK.elf.size  LSDNN_SDK.elf
' '
18:05:13 **** Build of project LSDNN_SDK_bsp ****
make -k all 
"Running Make include in ps7_cortexa9_0/libsrc/axidma_v9_9/src"
make -C ps7_cortexa9_0/libsrc/axidma_v9_9/src -s include  "SHELL=CMD" "COMPILER=arm-none-eabi-gcc" "ARCHIVER=arm-none-eabi-ar" "COMPILER_FLAGS=  -O2 -c" "EXTRA_COMPILER_FLAGS=-mcpu=cortex-a9 -mfpu=vfpv3 -mfloat-abi=hard -nostartfiles -g -Wall -Wextra"
"Running Make include in ps7_cortexa9_0/libsrc/coresightps_dcc_v1_5/src"
make -C ps7_cortexa9_0/libsrc/coresightps_dcc_v1_5/src -s include  "SHELL=CMD" "COMPILER=arm-none-eabi-gcc" "ARCHIVER=arm-none-eabi-ar" "COMPILER_FLAGS=  -O2 -c" "EXTRA_COMPILER_FLAGS=-mcpu=cortex-a9 -mfpu=vfpv3 -mfloat-abi=hard -nostartfiles -g -Wall -Wextra"
"Running Make include in ps7_cortexa9_0/libsrc/cpu_cortexa9_v2_7/src"
make -C ps7_cortexa9_0/libsrc/cpu_cortexa9_v2_7/src -s include  "SHELL=CMD" "COMPILER=arm-none-eabi-gcc" "ARCHIVER=arm-none-eabi-ar" "COMPILER_FLAGS=  -O2 -c" "EXTRA_COMPILER_FLAGS=-mcpu=cortex-a9 -mfpu=vfpv3 -mfloat-abi=hard -nostartfiles -g -Wall -Wextra"
"Running Make include in ps7_cortexa9_0/libsrc/ddrps_v1_0/src"
make -C ps7_cortexa9_0/libsrc/ddrps_v1_0/src -s include  "SHELL=CMD" "COMPILER=arm-none-eabi-gcc" "ARCHIVER=arm-none-eabi-ar" "COMPILER_FLAGS=  -O2 -c" "EXTRA_COMPILER_FLAGS=-mcpu=cortex-a9 -mfpu=vfpv3 -mfloat-abi=hard -nostartfiles -g -Wall -Wextra"
"Running Make include in ps7_cortexa9_0/libsrc/devcfg_v3_5/src"
make -C ps7_cortexa9_0/libsrc/devcfg_v3_5/src -s include  "SHELL=CMD" "COMPILER=arm-none-eabi-gcc" "ARCHIVER=arm-none-eabi-ar" "COMPILER_FLAGS=  -O2 -c" "EXTRA_COMPILER_FLAGS=-mcpu=cortex-a9 -mfpu=vfpv3 -mfloat-abi=hard -nostartfiles -g -Wall -Wextra"
"Running Make include in ps7_cortexa9_0/libsrc/dmaps_v2_4/src"
make -C ps7_cortexa9_0/libsrc/dmaps_v2_4/src -s include  "SHELL=CMD" "COMPILER=arm-none-eabi-gcc" "ARCHIVER=arm-none-eabi-ar" "COMPILER_FLAGS=  -O2 -c" "EXTRA_COMPILER_FLAGS=-mcpu=cortex-a9 -mfpu=vfpv3 -mfloat-abi=hard -nostartfiles -g -Wall -Wextra"
"Running Make include in ps7_cortexa9_0/libsrc/gpiops_v3_5/src"
make -C ps7_cortexa9_0/libsrc/gpiops_v3_5/src -s include  "SHELL=CMD" "COMPILER=arm-none-eabi-gcc" "ARCHIVER=arm-none-eabi-ar" "COMPILER_FLAGS=  -O2 -c" "EXTRA_COMPILER_FLAGS=-mcpu=cortex-a9 -mfpu=vfpv3 -mfloat-abi=hard -nostartfiles -g -Wall -Wextra"
"Running Make include in ps7_cortexa9_0/libsrc/scugic_v4_0/src"
make -C ps7_cortexa9_0/libsrc/scugic_v4_0/src -s include  "SHELL=CMD" "COMPILER=arm-none-eabi-gcc" "ARCHIVER=arm-none-eabi-ar" "COMPILER_FLAGS=  -O2 -c" "EXTRA_COMPILER_FLAGS=-mcpu=cortex-a9 -mfpu=vfpv3 -mfloat-abi=hard -nostartfiles -g -Wall -Wextra"
"Running Make include in ps7_cortexa9_0/libsrc/scutimer_v2_1/src"
make -C ps7_cortexa9_0/libsrc/scutimer_v2_1/src -s include  "SHELL=CMD" "COMPILER=arm-none-eabi-gcc" "ARCHIVER=arm-none-eabi-ar" "COMPILER_FLAGS=  -O2 -c" "EXTRA_COMPILER_FLAGS=-mcpu=cortex-a9 -mfpu=vfpv3 -mfloat-abi=hard -nostartfiles -g -Wall -Wextra"
"Running Make include in ps7_cortexa9_0/libsrc/scuwdt_v2_1/src"
make -C ps7_cortexa9_0/libsrc/scuwdt_v2_1/src -s include  "SHELL=CMD" "COMPILER=arm-none-eabi-gcc" "ARCHIVER=arm-none-eabi-ar" "COMPILER_FLAGS=  -O2 -c" "EXTRA_COMPILER_FLAGS=-mcpu=cortex-a9 -mfpu=vfpv3 -mfloat-abi=hard -nostartfiles -g -Wall -Wextra"
"Running Make include in ps7_cortexa9_0/libsrc/standalone_v7_0/src"
make -C ps7_cortexa9_0/libsrc/standalone_v7_0/src -s include  "SHELL=CMD" "COMPILER=arm-none-eabi-gcc" "ARCHIVER=arm-none-eabi-ar" "COMPILER_FLAGS=  -O2 -c" "EXTRA_COMPILER_FLAGS=-mcpu=cortex-a9 -mfpu=vfpv3 -mfloat-abi=hard -nostartfiles -g -Wall -Wextra"
"Running Make include in ps7_cortexa9_0/libsrc/uartps_v3_7/src"
make -C ps7_cortexa9_0/libsrc/uartps_v3_7/src -s include  "SHELL=CMD" "COMPILER=arm-none-eabi-gcc" "ARCHIVER=arm-none-eabi-ar" "COMPILER_FLAGS=  -O2 -c" "EXTRA_COMPILER_FLAGS=-mcpu=cortex-a9 -mfpu=vfpv3 -mfloat-abi=hard -nostartfiles -g -Wall -Wextra"
"Running Make include in ps7_cortexa9_0/libsrc/xadcps_v2_3/src"
make -C ps7_cortexa9_0/libsrc/xadcps_v2_3/src -s include  "SHELL=CMD" "COMPILER=arm-none-eabi-gcc" "ARCHIVER=arm-none-eabi-ar" "COMPILER_FLAGS=  -O2 -c" "EXTRA_COMPILER_FLAGS=-mcpu=cortex-a9 -mfpu=vfpv3 -mfloat-abi=hard -nostartfiles -g -Wall -Wextra"
"Running Make libs in ps7_cortexa9_0/libsrc/axidma_v9_9/src"
make -C ps7_cortexa9_0/libsrc/axidma_v9_9/src -s libs  "SHELL=CMD" "COMPILER=arm-none-eabi-gcc" "ARCHIVER=arm-none-eabi-ar" "COMPILER_FLAGS=  -O2 -c" "EXTRA_COMPILER_FLAGS=-mcpu=cortex-a9 -mfpu=vfpv3 -mfloat-abi=hard -nostartfiles -g -Wall -Wextra"
"Compiling axidma"
arm-none-eabi-ar: creating ../../../lib/libxil.a
"Running Make libs in ps7_cortexa9_0/libsrc/coresightps_dcc_v1_5/src"
make -C ps7_cortexa9_0/libsrc/coresightps_dcc_v1_5/src -s libs  "SHELL=CMD" "COMPILER=arm-none-eabi-gcc" "ARCHIVER=arm-none-eabi-ar" "COMPILER_FLAGS=  -O2 -c" "EXTRA_COMPILER_FLAGS=-mcpu=cortex-a9 -mfpu=vfpv3 -mfloat-abi=hard -nostartfiles -g -Wall -Wextra"
"Compiling coresightps_dcc"
"Running Make libs in ps7_cortexa9_0/libsrc/cpu_cortexa9_v2_7/src"
make -C ps7_cortexa9_0/libsrc/cpu_cortexa9_v2_7/src -s libs  "SHELL=CMD" "COMPILER=arm-none-eabi-gcc" "ARCHIVER=arm-none-eabi-ar" "COMPILER_FLAGS=  -O2 -c" "EXTRA_COMPILER_FLAGS=-mcpu=cortex-a9 -mfpu=vfpv3 -mfloat-abi=hard -nostartfiles -g -Wall -Wextra"
"Compiling cpu_cortexa9"
"Running Make libs in ps7_cortexa9_0/libsrc/ddrps_v1_0/src"
make -C ps7_cortexa9_0/libsrc/ddrps_v1_0/src -s libs  "SHELL=CMD" "COMPILER=arm-none-eabi-gcc" "ARCHIVER=arm-none-eabi-ar" "COMPILER_FLAGS=  -O2 -c" "EXTRA_COMPILER_FLAGS=-mcpu=cortex-a9 -mfpu=vfpv3 -mfloat-abi=hard -nostartfiles -g -Wall -Wextra"
"Compiling ddrps"
"Running Make libs in ps7_cortexa9_0/libsrc/devcfg_v3_5/src"
make -C ps7_cortexa9_0/libsrc/devcfg_v3_5/src -s libs  "SHELL=CMD" "COMPILER=arm-none-eabi-gcc" "ARCHIVER=arm-none-eabi-ar" "COMPILER_FLAGS=  -O2 -c" "EXTRA_COMPILER_FLAGS=-mcpu=cortex-a9 -mfpu=vfpv3 -mfloat-abi=hard -nostartfiles -g -Wall -Wextra"
"Compiling devcfg"
"Running Make libs in ps7_cortexa9_0/libsrc/dmaps_v2_4/src"
make -C ps7_cortexa9_0/libsrc/dmaps_v2_4/src -s libs  "SHELL=CMD" "COMPILER=arm-none-eabi-gcc" "ARCHIVER=arm-none-eabi-ar" "COMPILER_FLAGS=  -O2 -c" "EXTRA_COMPILER_FLAGS=-mcpu=cortex-a9 -mfpu=vfpv3 -mfloat-abi=hard -nostartfiles -g -Wall -Wextra"
"Compiling dmaps"
"Running Make libs in ps7_cortexa9_0/libsrc/gpiops_v3_5/src"
make -C ps7_cortexa9_0/libsrc/gpiops_v3_5/src -s libs  "SHELL=CMD" "COMPILER=arm-none-eabi-gcc" "ARCHIVER=arm-none-eabi-ar" "COMPILER_FLAGS=  -O2 -c" "EXTRA_COMPILER_FLAGS=-mcpu=cortex-a9 -mfpu=vfpv3 -mfloat-abi=hard -nostartfiles -g -Wall -Wextra"
"Compiling gpiops"
"Running Make libs in ps7_cortexa9_0/libsrc/scugic_v4_0/src"
make -C ps7_cortexa9_0/libsrc/scugic_v4_0/src -s libs  "SHELL=CMD" "COMPILER=arm-none-eabi-gcc" "ARCHIVER=arm-none-eabi-ar" "COMPILER_FLAGS=  -O2 -c" "EXTRA_COMPILER_FLAGS=-mcpu=cortex-a9 -mfpu=vfpv3 -mfloat-abi=hard -nostartfiles -g -Wall -Wextra"
"Compiling scugic"
"Running Make libs in ps7_cortexa9_0/libsrc/scutimer_v2_1/src"
make -C ps7_cortexa9_0/libsrc/scutimer_v2_1/src -s libs  "SHELL=CMD" "COMPILER=arm-none-eabi-gcc" "ARCHIVER=arm-none-eabi-ar" "COMPILER_FLAGS=  -O2 -c" "EXTRA_COMPILER_FLAGS=-mcpu=cortex-a9 -mfpu=vfpv3 -mfloat-abi=hard -nostartfiles -g -Wall -Wextra"
"Compiling scutimer"
"Running Make libs in ps7_cortexa9_0/libsrc/scuwdt_v2_1/src"
make -C ps7_cortexa9_0/libsrc/scuwdt_v2_1/src -s libs  "SHELL=CMD" "COMPILER=arm-none-eabi-gcc" "ARCHIVER=arm-none-eabi-ar" "COMPILER_FLAGS=  -O2 -c" "EXTRA_COMPILER_FLAGS=-mcpu=cortex-a9 -mfpu=vfpv3 -mfloat-abi=hard -nostartfiles -g -Wall -Wextra"
"Compiling scuwdt"
"Running Make libs in ps7_cortexa9_0/libsrc/standalone_v7_0/src"
make -C ps7_cortexa9_0/libsrc/standalone_v7_0/src -s libs  "SHELL=CMD" "COMPILER=arm-none-eabi-gcc" "ARCHIVER=arm-none-eabi-ar" "COMPILER_FLAGS=  -O2 -c" "EXTRA_COMPILER_FLAGS=-mcpu=cortex-a9 -mfpu=vfpv3 -mfloat-abi=hard -nostartfiles -g -Wall -Wextra"
"Compiling standalone"
In file included from usleep.c:56:
xtime_l.h:87:9: note: #pragma message: For the sleep routines, Global timer is being used
 #pragma message ("For the sleep routines, Global timer is being used")
         ^~~~~~~
In file included from xil_sleeptimer.c:51:
xtime_l.h:87:9: note: #pragma message: For the sleep routines, Global timer is being used
 #pragma message ("For the sleep routines, Global timer is being used")
         ^~~~~~~
In file included from xtime_l.c:49:
xtime_l.h:87:9: note: #pragma message: For the sleep routines, Global timer is being used
 #pragma message ("For the sleep routines, Global timer is being used")
         ^~~~~~~
In file included from sleep.c:53:
xtime_l.h:87:9: note: #pragma message: For the sleep routines, Global timer is being used
 #pragma message ("For the sleep routines, Global timer is being used")
         ^~~~~~~
"Running Make libs in ps7_cortexa9_0/libsrc/uartps_v3_7/src"
make -C ps7_cortexa9_0/libsrc/uartps_v3_7/src -s libs  "SHELL=CMD" "COMPILER=arm-none-eabi-gcc" "ARCHIVER=arm-none-eabi-ar" "COMPILER_FLAGS=  -O2 -c" "EXTRA_COMPILER_FLAGS=-mcpu=cortex-a9 -mfpu=vfpv3 -mfloat-abi=hard -nostartfiles -g -Wall -Wextra"
"Compiling uartps"
"Running Make libs in ps7_cortexa9_0/libsrc/xadcps_v2_3/src"
make -C ps7_cortexa9_0/libsrc/xadcps_v2_3/src -s libs  "SHELL=CMD" "COMPILER=arm-none-eabi-gcc" "ARCHIVER=arm-none-eabi-ar" "COMPILER_FLAGS=  -O2 -c" "EXTRA_COMPILER_FLAGS=-mcpu=cortex-a9 -mfpu=vfpv3 -mfloat-abi=hard -nostartfiles -g -Wall -Wextra"
"Compiling xadcps"
'Finished building libraries'
18:06:54 **** Build of configuration Debug for project LSDNN_SDK ****
make pre-build main-build 
a9-linaro-pre-build-step
' '
'Building file: ../src/helloworld.c'
'Invoking: ARM v7 gcc compiler'
arm-none-eabi-gcc -Wall -O0 -g3 -c -fmessage-length=0 -MT"src/helloworld.o" -mcpu=cortex-a9 -mfpu=vfpv3 -mfloat-abi=hard -I../../LSDNN_SDK_bsp/ps7_cortexa9_0/include -MMD -MP -MF"src/helloworld.d" -MT"src/helloworld.o" -o "src/helloworld.o" "../src/helloworld.c"
In file included from ../src/main.h:19,
                 from ../src/data.h:11,
                 from ../src/helloworld.c:48:
../../LSDNN_SDK_bsp/ps7_cortexa9_0/include/xtime_l.h:87:9: note: #pragma message: For the sleep routines, Global timer is being used
 #pragma message ("For the sleep routines, Global timer is being used")
         ^~~~~~~
'Finished building: ../src/helloworld.c'
' '
'Building file: ../src/platform.c'
'Invoking: ARM v7 gcc compiler'
arm-none-eabi-gcc -Wall -O0 -g3 -c -fmessage-length=0 -MT"src/platform.o" -mcpu=cortex-a9 -mfpu=vfpv3 -mfloat-abi=hard -I../../LSDNN_SDK_bsp/ps7_cortexa9_0/include -MMD -MP -MF"src/platform.d" -MT"src/platform.o" -o "src/platform.o" "../src/platform.c"
'Finished building: ../src/platform.c'
' '
'Building target: LSDNN_SDK.elf'
'Invoking: ARM v7 gcc linker'
arm-none-eabi-gcc -mcpu=cortex-a9 -mfpu=vfpv3 -mfloat-abi=hard -Wl,-build-id=none -specs=Xilinx.spec -Wl,-T -Wl,../src/lscript.ld -L../../LSDNN_SDK_bsp/ps7_cortexa9_0/lib -o "LSDNN_SDK.elf"  ./src/helloworld.o ./src/platform.o   -lm -Wl,--start-group,-lxil,-lgcc,-lc,--end-group
'Finished building target: LSDNN_SDK.elf'
' '
'Invoking: ARM v7 Print Size'
arm-none-eabi-size LSDNN_SDK.elf  |tee "LSDNN_SDK.elf.size"
   text	   data	    bss	    dec	    hex	filename
1240044	   2648	  23328	1266020	 135164	LSDNN_SDK.elf
'Finished building: LSDNN_SDK.elf.size'
' '
18:08:38 **** Clean-only build of configuration Debug for project LSDNN_SDK ****
make clean 
rm -rf  ./src/helloworld.o ./src/platform.o  ./src/helloworld.d ./src/platform.d  LSDNN_SDK.elf.size  LSDNN_SDK.elf
' '
18:08:38 **** Auto Build of configuration Debug for project LSDNN_SDK ****
make pre-build main-build 
a9-linaro-pre-build-step
' '
'Building file: ../src/helloworld.c'
'Invoking: ARM v7 gcc compiler'
arm-none-eabi-gcc -Wall -O0 -g3 -c -fmessage-length=0 -MT"src/helloworld.o" -mcpu=cortex-a9 -mfpu=vfpv3 -mfloat-abi=hard -I../../LSDNN_SDK_bsp/ps7_cortexa9_0/include -MMD -MP -MF"src/helloworld.d" -MT"src/helloworld.o" -o "src/helloworld.o" "../src/helloworld.c"
In file included from ../src/main.h:19,
                 from ../src/data.h:11,
                 from ../src/helloworld.c:48:
../../LSDNN_SDK_bsp/ps7_cortexa9_0/include/xtime_l.h:87:9: note: #pragma message: For the sleep routines, Global timer is being used
 #pragma message ("For the sleep routines, Global timer is being used")
         ^~~~~~~
'Finished building: ../src/helloworld.c'
' '
'Building file: ../src/platform.c'
'Invoking: ARM v7 gcc compiler'
arm-none-eabi-gcc -Wall -O0 -g3 -c -fmessage-length=0 -MT"src/platform.o" -mcpu=cortex-a9 -mfpu=vfpv3 -mfloat-abi=hard -I../../LSDNN_SDK_bsp/ps7_cortexa9_0/include -MMD -MP -MF"src/platform.d" -MT"src/platform.o" -o "src/platform.o" "../src/platform.c"
'Finished building: ../src/platform.c'
' '
'Building target: LSDNN_SDK.elf'
'Invoking: ARM v7 gcc linker'
arm-none-eabi-gcc -mcpu=cortex-a9 -mfpu=vfpv3 -mfloat-abi=hard -Wl,-build-id=none -specs=Xilinx.spec -Wl,-T -Wl,../src/lscript.ld -L../../LSDNN_SDK_bsp/ps7_cortexa9_0/lib -o "LSDNN_SDK.elf"  ./src/helloworld.o ./src/platform.o   -lm -Wl,--start-group,-lxil,-lgcc,-lc,--end-group
'Finished building target: LSDNN_SDK.elf'
' '
'Invoking: ARM v7 Print Size'
arm-none-eabi-size LSDNN_SDK.elf  |tee "LSDNN_SDK.elf.size"
   text	   data	    bss	    dec	    hex	filename
1240044	   2648	204806944	206049636	c481164	LSDNN_SDK.elf
'Finished building: LSDNN_SDK.elf.size'
' '
18:09:59 **** Incremental Build of configuration Debug for project LSDNN_SDK ****
make pre-build main-build 
a9-linaro-pre-build-step
' '
make: Nothing to be done for 'main-build'.
